Archive member included to satisfy reference by file (symbol)

c:/program files (x86)/gnu tools arm embedded/8 2019-q3-update/bin/../lib/gcc/arm-none-eabi/8.3.1/../../../../arm-none-eabi/lib/thumb/v6-m/nofp\libg_nano.a(lib_a-exit.o)
                              c:/program files (x86)/gnu tools arm embedded/8 2019-q3-update/bin/../lib/gcc/arm-none-eabi/8.3.1/../../../../arm-none-eabi/lib/thumb/v6-m/nofp/crt0.o (exit)
c:/program files (x86)/gnu tools arm embedded/8 2019-q3-update/bin/../lib/gcc/arm-none-eabi/8.3.1/../../../../arm-none-eabi/lib/thumb/v6-m/nofp\libg_nano.a(lib_a-impure.o)
                              c:/program files (x86)/gnu tools arm embedded/8 2019-q3-update/bin/../lib/gcc/arm-none-eabi/8.3.1/../../../../arm-none-eabi/lib/thumb/v6-m/nofp\libg_nano.a(lib_a-exit.o) (_global_impure_ptr)
c:/program files (x86)/gnu tools arm embedded/8 2019-q3-update/bin/../lib/gcc/arm-none-eabi/8.3.1/../../../../arm-none-eabi/lib/thumb/v6-m/nofp\libg_nano.a(lib_a-init.o)
                              c:/program files (x86)/gnu tools arm embedded/8 2019-q3-update/bin/../lib/gcc/arm-none-eabi/8.3.1/../../../../arm-none-eabi/lib/thumb/v6-m/nofp/crt0.o (__libc_init_array)
c:/program files (x86)/gnu tools arm embedded/8 2019-q3-update/bin/../lib/gcc/arm-none-eabi/8.3.1/../../../../arm-none-eabi/lib/thumb/v6-m/nofp\libg_nano.a(lib_a-memset.o)
                              c:/program files (x86)/gnu tools arm embedded/8 2019-q3-update/bin/../lib/gcc/arm-none-eabi/8.3.1/../../../../arm-none-eabi/lib/thumb/v6-m/nofp/crt0.o (memset)
c:/program files (x86)/gnu tools arm embedded/8 2019-q3-update/bin/../lib/gcc/arm-none-eabi/8.3.1/../../../../arm-none-eabi/lib/thumb/v6-m/nofp\libg_nano.a(lib_a-rand.o)
                              ./Generated_Code/UTIL1.o (symbol from plugin) (srand)
c:/program files (x86)/gnu tools arm embedded/8 2019-q3-update/bin/../lib/gcc/arm-none-eabi/8.3.1/../../../../arm-none-eabi/lib/thumb/v6-m/nofp\libg_nano.a(lib_a-malloc.o)
                              c:/program files (x86)/gnu tools arm embedded/8 2019-q3-update/bin/../lib/gcc/arm-none-eabi/8.3.1/../../../../arm-none-eabi/lib/thumb/v6-m/nofp\libg_nano.a(lib_a-rand.o) (malloc)
c:/program files (x86)/gnu tools arm embedded/8 2019-q3-update/bin/../lib/gcc/arm-none-eabi/8.3.1/../../../../arm-none-eabi/lib/thumb/v6-m/nofp\libg_nano.a(lib_a-nano-freer.o)
                              c:/program files (x86)/gnu tools arm embedded/8 2019-q3-update/bin/../lib/gcc/arm-none-eabi/8.3.1/../../../../arm-none-eabi/lib/thumb/v6-m/nofp\libg_nano.a(lib_a-malloc.o) (_free_r)
c:/program files (x86)/gnu tools arm embedded/8 2019-q3-update/bin/../lib/gcc/arm-none-eabi/8.3.1/../../../../arm-none-eabi/lib/thumb/v6-m/nofp\libg_nano.a(lib_a-nano-mallocr.o)
                              c:/program files (x86)/gnu tools arm embedded/8 2019-q3-update/bin/../lib/gcc/arm-none-eabi/8.3.1/../../../../arm-none-eabi/lib/thumb/v6-m/nofp\libg_nano.a(lib_a-malloc.o) (_malloc_r)
c:/program files (x86)/gnu tools arm embedded/8 2019-q3-update/bin/../lib/gcc/arm-none-eabi/8.3.1/../../../../arm-none-eabi/lib/thumb/v6-m/nofp\libg_nano.a(lib_a-sbrkr.o)
                              c:/program files (x86)/gnu tools arm embedded/8 2019-q3-update/bin/../lib/gcc/arm-none-eabi/8.3.1/../../../../arm-none-eabi/lib/thumb/v6-m/nofp\libg_nano.a(lib_a-nano-mallocr.o) (_sbrk_r)
c:/program files (x86)/gnu tools arm embedded/8 2019-q3-update/bin/../lib/gcc/arm-none-eabi/8.3.1/../../../../arm-none-eabi/lib/thumb/v6-m/nofp\libg_nano.a(lib_a-mlock.o)
                              c:/program files (x86)/gnu tools arm embedded/8 2019-q3-update/bin/../lib/gcc/arm-none-eabi/8.3.1/../../../../arm-none-eabi/lib/thumb/v6-m/nofp\libg_nano.a(lib_a-nano-freer.o) (__malloc_lock)
c:/program files (x86)/gnu tools arm embedded/8 2019-q3-update/bin/../lib/gcc/arm-none-eabi/8.3.1/../../../../arm-none-eabi/lib/thumb/v6-m/nofp\libg_nano.a(lib_a-reent.o)
                              c:/program files (x86)/gnu tools arm embedded/8 2019-q3-update/bin/../lib/gcc/arm-none-eabi/8.3.1/../../../../arm-none-eabi/lib/thumb/v6-m/nofp\libg_nano.a(lib_a-sbrkr.o) (errno)
c:/program files (x86)/gnu tools arm embedded/8 2019-q3-update/bin/../lib/gcc/arm-none-eabi/8.3.1/../../../../arm-none-eabi/lib/thumb/v6-m/nofp\libg_nano.a(lib_a-lock.o)
                              c:/program files (x86)/gnu tools arm embedded/8 2019-q3-update/bin/../lib/gcc/arm-none-eabi/8.3.1/../../../../arm-none-eabi/lib/thumb/v6-m/nofp\libg_nano.a(lib_a-mlock.o) (__retarget_lock_acquire_recursive)
c:/program files (x86)/gnu tools arm embedded/8 2019-q3-update/bin/../lib/gcc/arm-none-eabi/8.3.1/thumb/v6-m/nofp\libgcc.a(_muldi3.o)
                              c:/program files (x86)/gnu tools arm embedded/8 2019-q3-update/bin/../lib/gcc/arm-none-eabi/8.3.1/../../../../arm-none-eabi/lib/thumb/v6-m/nofp\libg_nano.a(lib_a-rand.o) (__aeabi_lmul)
[...]
Memory Configuration

Name             Origin             Length             Attributes
m_interrupts     0x00000000         0x000000c0         xr
m_text           0x00000410         0x0001fbf0         xr
m_data           0x1ffff000         0x00004000         rw
m_cfmprotrom     0x00000400         0x00000010         xr
*default*        0x00000000         0xffffffff

Linker script and memory map

LOAD c:/program files (x86)/gnu tools arm embedded/8 2019-q3-update/bin/../lib/gcc/arm-none-eabi/8.3.1/thumb/v6-m/nofp/crti.o
LOAD c:/program files (x86)/gnu tools arm embedded/8 2019-q3-update/bin/../lib/gcc/arm-none-eabi/8.3.1/thumb/v6-m/nofp/crtbegin.o
LOAD c:/program files (x86)/gnu tools arm embedded/8 2019-q3-update/bin/../lib/gcc/arm-none-eabi/8.3.1/../../../../arm-none-eabi/lib/thumb/v6-m/nofp/crt0.o
LOAD C:\Users\Michael\AppData\Local\Temp\ccOlNXYEdebugobj
LOAD C:\Users\Michael\AppData\Local\Temp\ccmHASpc.ltrans0.ltrans.o
LOAD C:\Users\Michael\AppData\Local\Temp\ccmHASpc.ltrans1.ltrans.o
LOAD c:/program files (x86)/gnu tools arm embedded/8 2019-q3-update/bin/../lib/gcc/arm-none-eabi/8.3.1/../../../../arm-none-eabi/lib/thumb/v6-m/nofp\libstdc++_nano.a
LOAD c:/program files (x86)/gnu tools arm embedded/8 2019-q3-update/bin/../lib/gcc/arm-none-eabi/8.3.1/../../../../arm-none-eabi/lib/thumb/v6-m/nofp\libm.a
START GROUP
LOAD c:/program files (x86)/gnu tools arm embedded/8 2019-q3-update/bin/../lib/gcc/arm-none-eabi/8.3.1/thumb/v6-m/nofp\libgcc.a
LOAD c:/program files (x86)/gnu tools arm embedded/8 2019-q3-update/bin/../lib/gcc/arm-none-eabi/8.3.1/../../../../arm-none-eabi/lib/thumb/v6-m/nofp\libg_nano.a
LOAD c:/program files (x86)/gnu tools arm embedded/8 2019-q3-update/bin/../lib/gcc/arm-none-eabi/8.3.1/../../../../arm-none-eabi/lib/thumb/v6-m/nofp\libc_nano.a
END GROUP
START GROUP
LOAD c:/program files (x86)/gnu tools arm embedded/8 2019-q3-update/bin/../lib/gcc/arm-none-eabi/8.3.1/thumb/v6-m/nofp\libgcc.a
LOAD c:/program files (x86)/gnu tools arm embedded/8 2019-q3-update/bin/../lib/gcc/arm-none-eabi/8.3.1/../../../../arm-none-eabi/lib/thumb/v6-m/nofp\libc_nano.a
LOAD c:/program files (x86)/gnu tools arm embedded/8 2019-q3-update/bin/../lib/gcc/arm-none-eabi/8.3.1/../../../../arm-none-eabi/lib/thumb/v6-m/nofp\libnosys.a
END GROUP
START GROUP
LOAD c:/program files (x86)/gnu tools arm embedded/8 2019-q3-update/bin/../lib/gcc/arm-none-eabi/8.3.1/thumb/v6-m/nofp\libgcc.a
LOAD c:/program files (x86)/gnu tools arm embedded/8 2019-q3-update/bin/../lib/gcc/arm-none-eabi/8.3.1/../../../../arm-none-eabi/lib/thumb/v6-m/nofp\libc_nano.a
LOAD c:/program files (x86)/gnu tools arm embedded/8 2019-q3-update/bin/../lib/gcc/arm-none-eabi/8.3.1/../../../../arm-none-eabi/lib/thumb/v6-m/nofp\libnosys.a
END GROUP
LOAD c:/program files (x86)/gnu tools arm embedded/8 2019-q3-update/bin/../lib/gcc/arm-none-eabi/8.3.1/thumb/v6-m/nofp/crtend.o
LOAD c:/program files (x86)/gnu tools arm embedded/8 2019-q3-update/bin/../lib/gcc/arm-none-eabi/8.3.1/thumb/v6-m/nofp/crtn.o
                0x20003000                _estack = 0x20003000
                0x20003000                __SP_INIT = _estack
                0x20003000                __stack = _estack
                0x00000000                __heap_size = 0x0
                0x00000400                __stack_size = 0x400

.interrupts     0x00000000       0xc0
                0x00000000                __vector_table = .
                0x00000000                . = ALIGN (0x4)
 *(.vectortable)
 .vectortable   0x00000000       0xc0 C:\Users\Michael\AppData\Local\Temp\ccmHASpc.ltrans1.ltrans.o
                0x000000c0                . = ALIGN (0x4)

.cfmprotect     0x00000400        0x0
                0x00000400                . = ALIGN (0x4)
 *(.cfmconfig)
                0x00000400                . = ALIGN (0x4)

.text           0x00000410    0x1874c
                0x00000410                . = ALIGN (0x4)
 *(.text)
 .text          0x00000410       0x48 c:/program files (x86)/gnu tools arm embedded/8 2019-q3-update/bin/../lib/gcc/arm-none-eabi/8.3.1/thumb/v6-m/nofp/crtbegin.o
 .text          0x00000458       0x78 c:/program files (x86)/gnu tools arm embedded/8 2019-q3-update/bin/../lib/gcc/arm-none-eabi/8.3.1/../../../../arm-none-eabi/lib/thumb/v6-m/nofp/crt0.o
                0x00000458                _start
                0x00000458                _mainCRTStartup
 .text          0x000004d0       0x14 c:/program files (x86)/gnu tools arm embedded/8 2019-q3-update/bin/../lib/gcc/arm-none-eabi/8.3.1/../../../../arm-none-eabi/lib/thumb/v6-m/nofp\libg_nano.a(lib_a-strcmp.o)
                0x000004d0                strcmp
 .text          0x000004e4        0xe c:/program files (x86)/gnu tools arm embedded/8 2019-q3-update/bin/../lib/gcc/arm-none-eabi/8.3.1/../../../../arm-none-eabi/lib/thumb/v6-m/nofp\libg_nano.a(lib_a-strlen.o)
                0x000004e4                strlen
 *fill*         0x000004f2        0x2 
 .text          0x000004f4      0x114 c:/program files (x86)/gnu tools arm embedded/8 2019-q3-update/bin/../lib/gcc/arm-none-eabi/8.3.1/thumb/v6-m/nofp\libgcc.a(_udivsi3.o)
                0x000004f4                __aeabi_uidiv
                0x000004f4                __udivsi3
                0x00000600                __aeabi_uidivmod
 .text          0x00000608      0x1d4 c:/program files (x86)/gnu tools arm embedded/8 2019-q3-update/bin/../lib/gcc/arm-none-eabi/8.3.1/thumb/v6-m/nofp\libgcc.a(_divsi3.o)
                0x00000608                __divsi3
                0x00000608                __aeabi_idiv
                0x000007d4                __aeabi_idivmod
 .text          0x000007dc        0x4 c:/program files (x86)/gnu tools arm embedded/8 2019-q3-update/bin/../lib/gcc/arm-none-eabi/8.3.1/thumb/v6-m/nofp\libgcc.a(_dvmd_tls.o)
                0x000007dc                __aeabi_idiv0
                0x000007dc                __aeabi_ldiv0
 .text          0x000007e0       0x74 c:/program files (x86)/gnu tools arm embedded/8 2019-q3-update/bin/../lib/gcc/arm-none-eabi/8.3.1/thumb/v6-m/nofp\libgcc.a(_arm_cmpsf2.o)
                0x000007e0                __aeabi_cfrcmple
                0x000007e8                __aeabi_cfcmpeq
                0x000007e8                __aeabi_cfcmple
                0x000007f8                __aeabi_fcmpeq
                0x00000804                __aeabi_fcmplt
                0x00000818                __aeabi_fcmple
                0x0000082c                __aeabi_fcmpgt
                0x00000840                __aeabi_fcmpge
 .text          0x00000854       0x30 c:/program files (x86)/gnu tools arm embedded/8 2019-q3-update/bin/../lib/gcc/arm-none-eabi/8.3.1/thumb/v6-m/nofp\libgcc.a(_fixunssfsi.o)
                0x00000854                __fixunssfsi
                0x00000854                __aeabi_f2uiz
 .text          0x00000884      0x2f0 c:/program files (x86)/gnu tools arm embedded/8 2019-q3-update/bin/../lib/gcc/arm-none-eabi/8.3.1/thumb/v6-m/nofp\libgcc.a(addsf3.o)
                0x00000884                __aeabi_fadd
 .text          0x00000b74      0x230 c:/program files (x86)/gnu tools arm embedded/8 2019-q3-update/bin/../lib/gcc/arm-none-eabi/8.3.1/thumb/v6-m/nofp\libgcc.a(divsf3.o)
                0x00000b74                __aeabi_fdiv
 .text          0x00000da4       0x50 c:/program files (x86)/gnu tools arm embedded/8 2019-q3-update/bin/../lib/gcc/arm-none-eabi/8.3.1/thumb/v6-m/nofp\libgcc.a(eqsf2.o)
                0x00000da4                __eqsf2
                0x00000da4                __nesf2
 .text          0x00000df4       0x98 c:/program files (x86)/gnu tools arm embedded/8 2019-q3-update/bin/../lib/gcc/arm-none-eabi/8.3.1/thumb/v6-m/nofp\libgcc.a(gesf2.o)
                0x00000df4                __gesf2
                0x00000df4                __gtsf2
 .text          0x00000e8c       0x94 c:/program files (x86)/gnu tools arm embedded/8 2019-q3-update/bin/../lib/gcc/arm-none-eabi/8.3.1/thumb/v6-m/nofp\libgcc.a(lesf2.o)
                0x00000e8c                __ltsf2
                0x00000e8c                __lesf2
 .text          0x00000f20      0x22c c:/program files (x86)/gnu tools arm embedded/8 2019-q3-update/bin/../lib/gcc/arm-none-eabi/8.3.1/thumb/v6-m/nofp\libgcc.a(mulsf3.o)
                0x00000f20                __aeabi_fmul
 .text          0x0000114c      0x348 c:/program files (x86)/gnu tools arm embedded/8 2019-q3-update/bin/../lib/gcc/arm-none-eabi/8.3.1/thumb/v6-m/nofp\libgcc.a(subsf3.o)
                0x0000114c                __aeabi_fsub
 .text          0x00001494       0x40 c:/program files (x86)/gnu tools arm embedded/8 2019-q3-update/bin/../lib/gcc/arm-none-eabi/8.3.1/thumb/v6-m/nofp\libgcc.a(fixsfsi.o)
                0x00001494                __aeabi_f2iz
 .text          0x000014d4       0x94 c:/program files (x86)/gnu tools arm embedded/8 2019-q3-update/bin/../lib/gcc/arm-none-eabi/8.3.1/thumb/v6-m/nofp\libgcc.a(floatsisf.o)
                0x000014d4                __aeabi_i2f
 .text          0x00001568      0x6ec c:/program files (x86)/gnu tools arm embedded/8 2019-q3-update/bin/../lib/gcc/arm-none-eabi/8.3.1/thumb/v6-m/nofp\libgcc.a(adddf3.o)
                0x00001568                __aeabi_dadd
 .text          0x00001c54      0x4e4 c:/program files (x86)/gnu tools arm embedded/8 2019-q3-update/bin/../lib/gcc/arm-none-eabi/8.3.1/thumb/v6-m/nofp\libgcc.a(muldf3.o)
                0x00001c54                __aeabi_dmul
 .text          0x00002138      0x738 c:/program files (x86)/gnu tools arm embedded/8 2019-q3-update/bin/../lib/gcc/arm-none-eabi/8.3.1/thumb/v6-m/nofp\libgcc.a(subdf3.o)
                0x00002138                __aeabi_dsub
 .text          0x00002870       0x60 c:/program files (x86)/gnu tools arm embedded/8 2019-q3-update/bin/../lib/gcc/arm-none-eabi/8.3.1/thumb/v6-m/nofp\libgcc.a(floatunsidf.o)
                0x00002870                __aeabi_ui2d
 .text          0x000028d0       0xa4 c:/program files (x86)/gnu tools arm embedded/8 2019-q3-update/bin/../lib/gcc/arm-none-eabi/8.3.1/thumb/v6-m/nofp\libgcc.a(extendsfdf2.o)
                0x000028d0                __aeabi_f2d
 .text          0x00002974      0x110 c:/program files (x86)/gnu tools arm embedded/8 2019-q3-update/bin/../lib/gcc/arm-none-eabi/8.3.1/thumb/v6-m/nofp\libgcc.a(truncdfsf2.o)
                0x00002974                __aeabi_d2f
 .text          0x00002a84       0x3c c:/program files (x86)/gnu tools arm embedded/8 2019-q3-update/bin/../lib/gcc/arm-none-eabi/8.3.1/thumb/v6-m/nofp\libgcc.a(_clzsi2.o)
                0x00002a84                __clzsi2
 *(.text*)
 .text.vPortYieldFromISR
                0x00002ac0       0x18 C:\Users\Michael\AppData\Local\Temp\ccmHASpc.ltrans0.ltrans.o
                0x00002ac0                vPortYieldFromISR
 .text.SM2_SendBlock.constprop.111
                0x00002ad8       0x78 C:\Users\Michael\AppData\Local\Temp\ccmHASpc.ltrans0.ltrans.o
 .text.SM2_ReceiveBlock.constprop.110
                0x00002b50       0x84 C:\Users\Michael\AppData\Local\Temp\ccmHASpc.ltrans0.ltrans.o
 .text.SD1_SPI_WRITE_READ.constprop.109
                0x00002bd4       0x38 C:\Users\Michael\AppData\Local\Temp\ccmHASpc.ltrans0.ltrans.o
 .text.SD1_SPI_WRITE
                0x00002c0c       0x38 C:\Users\Michael\AppData\Local\Temp\ccmHASpc.ltrans0.ltrans.o
 .text.SD1_SPI_WRITE.constprop.108
                0x00002c44       0x3c C:\Users\Michael\AppData\Local\Temp\ccmHASpc.ltrans0.ltrans.o
 .text.SD1_SendDataBlock.part.2.constprop.107
                0x00002c80      0x140 C:\Users\Michael\AppData\Local\Temp\ccmHASpc.ltrans0.ltrans.o
 .text.TMOUT1_LeaveCounter
                0x00002dc0       0x38 C:\Users\Michael\AppData\Local\Temp\ccmHASpc.ltrans0.ltrans.o
 .text.UTIL1_Num16sToStr.constprop.80
                0x00002df8      0x10c C:\Users\Michael\AppData\Local\Temp\ccmHASpc.ltrans0.ltrans.o
 .text.UTIL1_Num32sToStr.constprop.54
                0x00002f04      0x14c C:\Users\Michael\AppData\Local\Temp\ccmHASpc.ltrans0.ltrans.o
 .text.PrintInASCII.isra.2.constprop.49
                0x00003050       0x44 C:\Users\Michael\AppData\Local\Temp\ccmHASpc.ltrans0.ltrans.o
 .text.UTIL1_strcat.constprop.39
                0x00003094       0x44 C:\Users\Michael\AppData\Local\Temp\ccmHASpc.ltrans0.ltrans.o
 .text.UTIL1_strcatNum8Hex.constprop.30
                0x000030d8       0x7c C:\Users\Michael\AppData\Local\Temp\ccmHASpc.ltrans0.ltrans.o
 .text.UTIL1_strcatNum32Hex.constprop.28
                0x00003154      0x128 C:\Users\Michael\AppData\Local\Temp\ccmHASpc.ltrans0.ltrans.o
 .text.UTIL1_strcatNum32Hex.constprop.27
                0x0000327c      0x1c4 C:\Users\Michael\AppData\Local\Temp\ccmHASpc.ltrans0.ltrans.o
 .text.UTIL1_strcpy.constprop.11
                0x00003440       0x20 C:\Users\Michael\AppData\Local\Temp\ccmHASpc.ltrans0.ltrans.o
 .text.prvCollectTaskHandlesWithinSingleList.part.2.constprop.7
                0x00003460       0x44 C:\Users\Michael\AppData\Local\Temp\ccmHASpc.ltrans0.ltrans.o
 .text.prvInsertBlockIntoFreeList.lto_priv.228
                0x000034a4       0x50 C:\Users\Michael\AppData\Local\Temp\ccmHASpc.ltrans0.ltrans.o
                0x000034a4                prvInsertBlockIntoFreeList.lto_priv.228
 .text.vPortExitCritical
                0x000034f4       0x14 C:\Users\Michael\AppData\Local\Temp\ccmHASpc.ltrans0.ltrans.o
                0x000034f4                vPortExitCritical
 .text.vPortEnterCritical
                0x00003508       0x18 C:\Users\Michael\AppData\Local\Temp\ccmHASpc.ltrans0.ltrans.o
                0x00003508                vPortEnterCritical
 .text.vPortPendSVHandler
                0x00003520       0x44 C:\Users\Michael\AppData\Local\Temp\ccmHASpc.ltrans0.ltrans.o
                0x00003520                vPortPendSVHandler
 *fill*         0x00003564        0xc 
 .text.vPortStartFirstTask
                0x00003570       0x3c C:\Users\Michael\AppData\Local\Temp\ccmHASpc.ltrans0.ltrans.o
 .text.get_ldnumber.lto_priv.231
                0x000035ac       0x48 C:\Users\Michael\AppData\Local\Temp\ccmHASpc.ltrans0.ltrans.o
                0x000035ac                get_ldnumber.lto_priv.231
 .text.UTIL1_ScanDecimal8uNumber
                0x000035f4       0x78 C:\Users\Michael\AppData\Local\Temp\ccmHASpc.ltrans0.ltrans.o
                0x000035f4                UTIL1_ScanDecimal8uNumber
 .text.StrToDriveNumber.constprop.75
                0x0000366c        0x4 C:\Users\Michael\AppData\Local\Temp\ccmHASpc.ltrans0.ltrans.o
 .text.UTIL1_ScanTime
                0x00003670       0xd0 C:\Users\Michael\AppData\Local\Temp\ccmHASpc.ltrans0.ltrans.o
 .text.UTIL1_ScanDate
                0x00003740      0x188 C:\Users\Michael\AppData\Local\Temp\ccmHASpc.ltrans0.ltrans.o
 .text.TmDt1_GetSWTimeDate
                0x000038c8       0xb0 C:\Users\Michael\AppData\Local\Temp\ccmHASpc.ltrans0.ltrans.o
                0x000038c8                TmDt1_GetSWTimeDate
 .text.TmDt1_GetTime
                0x00003978       0x78 C:\Users\Michael\AppData\Local\Temp\ccmHASpc.ltrans0.ltrans.o
                0x00003978                TmDt1_GetTime
 .text.TMOUT1_GetCounter
                0x000039f0       0x58 C:\Users\Michael\AppData\Local\Temp\ccmHASpc.ltrans0.ltrans.o
 .text.SM2_Interrupt
                0x00003a48       0x88 C:\Users\Michael\AppData\Local\Temp\ccmHASpc.ltrans0.ltrans.o
                0x00003a48                SM2_Interrupt
 .text.SD1_WaitReady
                0x00003ad0      0x184 C:\Users\Michael\AppData\Local\Temp\ccmHASpc.ltrans0.ltrans.o
 .text.SD1_SendCmd
                0x00003c54       0xe4 C:\Users\Michael\AppData\Local\Temp\ccmHASpc.ltrans0.ltrans.o
 .text.sync_window.part.9
                0x00003d38      0x12c C:\Users\Michael\AppData\Local\Temp\ccmHASpc.ltrans0.ltrans.o
 .text.sync_fs  0x00003e64      0x124 C:\Users\Michael\AppData\Local\Temp\ccmHASpc.ltrans0.ltrans.o
 .text.SD1_disk_initialize.part.5
                0x00003f88       0xe8 C:\Users\Michael\AppData\Local\Temp\ccmHASpc.ltrans0.ltrans.o
 .text.UTIL1_ReadEscapedName.constprop.25
                0x00004070       0xdc C:\Users\Michael\AppData\Local\Temp\ccmHASpc.ltrans0.ltrans.o
 .text.UTIL1_ReadEscapedName.constprop.24
                0x0000414c       0xb8 C:\Users\Michael\AppData\Local\Temp\ccmHASpc.ltrans0.ltrans.o
 .text.CmdUsageError.isra.1
                0x00004204       0x40 C:\Users\Michael\AppData\Local\Temp\ccmHASpc.ltrans0.ltrans.o
 .text.CI2C1_MasterReceiveBlock.part.1.constprop.160
                0x00004244       0xa8 C:\Users\Michael\AppData\Local\Temp\ccmHASpc.ltrans0.ltrans.o
                0x00004244                CI2C1_MasterReceiveBlock.part.1.constprop.160
 .text.GI2C1_ReadAddressWait.constprop.157
                0x000042ec       0xac C:\Users\Michael\AppData\Local\Temp\ccmHASpc.ltrans0.ltrans.o
                0x000042ec                GI2C1_ReadAddressWait.constprop.157
 .text.GI2C1_WriteAddress.part.3.constprop.155
                0x00004398       0x5c C:\Users\Michael\AppData\Local\Temp\ccmHASpc.ltrans0.ltrans.o
                0x00004398                GI2C1_WriteAddress.part.3.constprop.155
 .text.ASerialLdd1_ReceiveBlock.constprop.114
                0x000043f4       0x64 C:\Users\Michael\AppData\Local\Temp\ccmHASpc.ltrans0.ltrans.o
                0x000043f4                ASerialLdd1_ReceiveBlock.constprop.114
 .text.UTIL1_Num16sToStr.constprop.79
                0x00004458      0x100 C:\Users\Michael\AppData\Local\Temp\ccmHASpc.ltrans0.ltrans.o
                0x00004458                UTIL1_Num16sToStr.constprop.79
 .text.CLS1_ParseWithCommandTable.constprop.70
                0x00004558       0xe8 C:\Users\Michael\AppData\Local\Temp\ccmHASpc.ltrans0.ltrans.o
                0x00004558                CLS1_ParseWithCommandTable.constprop.70
 .text.ASerialLdd1_SendBlock.constprop.64
                0x00004640       0x78 C:\Users\Michael\AppData\Local\Temp\ccmHASpc.ltrans0.ltrans.o
                0x00004640                ASerialLdd1_SendBlock.constprop.64
 .text.SendSeparatedStrings.constprop.59
                0x000046b8       0x4c C:\Users\Michael\AppData\Local\Temp\ccmHASpc.ltrans0.ltrans.o
                0x000046b8                SendSeparatedStrings.constprop.59
 .text.CLS1_SendStatusStr.constprop.51
                0x00004704       0x10 C:\Users\Michael\AppData\Local\Temp\ccmHASpc.ltrans0.ltrans.o
 .text.SendSeparatedStrings.constprop.58
                0x00004714       0x4c C:\Users\Michael\AppData\Local\Temp\ccmHASpc.ltrans0.ltrans.o
                0x00004714                SendSeparatedStrings.constprop.58
 .text.UTIL1_Num32sToStr.constprop.53
                0x00004760      0x1c0 C:\Users\Michael\AppData\Local\Temp\ccmHASpc.ltrans0.ltrans.o
                0x00004760                UTIL1_Num32sToStr.constprop.53
 .text.vListInsertEnd
                0x00004920       0x18 C:\Users\Michael\AppData\Local\Temp\ccmHASpc.ltrans0.ltrans.o
                0x00004920                vListInsertEnd
 .text.uxListRemove
                0x00004938       0x24 C:\Users\Michael\AppData\Local\Temp\ccmHASpc.ltrans0.ltrans.o
                0x00004938                uxListRemove
 .text.prvAddCurrentTaskToDelayedList.lto_priv.219
                0x0000495c       0xc0 C:\Users\Michael\AppData\Local\Temp\ccmHASpc.ltrans0.ltrans.o
                0x0000495c                prvAddCurrentTaskToDelayedList.lto_priv.219
 .text.xTaskRemoveFromEventList
                0x00004a1c       0x90 C:\Users\Michael\AppData\Local\Temp\ccmHASpc.ltrans0.ltrans.o
 .text.xTaskIncrementTick
                0x00004aac      0x17c C:\Users\Michael\AppData\Local\Temp\ccmHASpc.ltrans0.ltrans.o
 .text.xTaskResumeAll.part.9
                0x00004c28      0x14c C:\Users\Michael\AppData\Local\Temp\ccmHASpc.ltrans0.ltrans.o
                0x00004c28                xTaskResumeAll.part.9
 .text.xTaskResumeAll
                0x00004d74       0x18 C:\Users\Michael\AppData\Local\Temp\ccmHASpc.ltrans0.ltrans.o
                0x00004d74                xTaskResumeAll
 .text.vPortFree
                0x00004d8c       0x54 C:\Users\Michael\AppData\Local\Temp\ccmHASpc.ltrans0.ltrans.o
                0x00004d8c                vPortFree
 .text.prvIdleTask
                0x00004de0      0x1dc C:\Users\Michael\AppData\Local\Temp\ccmHASpc.ltrans0.ltrans.o
 .text.vPortTickHandler
                0x00004fbc       0x24 C:\Users\Michael\AppData\Local\Temp\ccmHASpc.ltrans0.ltrans.o
                0x00004fbc                vPortTickHandler
 .text.prvUnlockQueue
                0x00004fe0      0x1fc C:\Users\Michael\AppData\Local\Temp\ccmHASpc.ltrans0.ltrans.o
 .text.xQueueGenericSend.constprop.144
                0x000051dc      0x114 C:\Users\Michael\AppData\Local\Temp\ccmHASpc.ltrans0.ltrans.o
                0x000051dc                xQueueGenericSend.constprop.144
 .text.vTaskSwitchContext
                0x000052f0      0x114 C:\Users\Michael\AppData\Local\Temp\ccmHASpc.ltrans0.ltrans.o
                0x000052f0                vTaskSwitchContext
 .text.vTaskDelay
                0x00005404       0x48 C:\Users\Michael\AppData\Local\Temp\ccmHASpc.ltrans0.ltrans.o
                0x00005404                vTaskDelay
 .text.SD1_ReceiveDataBlock
                0x0000544c      0x1cc C:\Users\Michael\AppData\Local\Temp\ccmHASpc.ltrans0.ltrans.o
 .text.SD1_ReceiveDataBlock.constprop.102
                0x00005618      0x1d0 C:\Users\Michael\AppData\Local\Temp\ccmHASpc.ltrans0.ltrans.o
 .text.xQueueSemaphoreTake
                0x000057e8      0x314 C:\Users\Michael\AppData\Local\Temp\ccmHASpc.ltrans0.ltrans.o
                0x000057e8                xQueueSemaphoreTake
 .text.pvPortMalloc
                0x00005afc      0x144 C:\Users\Michael\AppData\Local\Temp\ccmHASpc.ltrans0.ltrans.o
                0x00005afc                pvPortMalloc
 .text.xTaskCreate.constprop.146
                0x00005c40      0x264 C:\Users\Michael\AppData\Local\Temp\ccmHASpc.ltrans0.ltrans.o
                0x00005c40                xTaskCreate.constprop.146
 .text.vTaskStartScheduler
                0x00005ea4       0x98 C:\Users\Michael\AppData\Local\Temp\ccmHASpc.ltrans0.ltrans.o
                0x00005ea4                vTaskStartScheduler
 .text.xQueueCreateMutex.constprop.141
                0x00005f3c       0x70 C:\Users\Michael\AppData\Local\Temp\ccmHASpc.ltrans0.ltrans.o
                0x00005f3c                xQueueCreateMutex.constprop.141
 .text.unlock_fs.part.14.lto_priv.190
                0x00005fac       0x10 C:\Users\Michael\AppData\Local\Temp\ccmHASpc.ltrans0.ltrans.o
                0x00005fac                unlock_fs.part.14.lto_priv.190
 .text.move_window.part.10.lto_priv.238
                0x00005fbc       0x5c C:\Users\Michael\AppData\Local\Temp\ccmHASpc.ltrans0.ltrans.o
                0x00005fbc                move_window.part.10.lto_priv.238
 .text.put_fat.part.13
                0x00006018      0x138 C:\Users\Michael\AppData\Local\Temp\ccmHASpc.ltrans0.ltrans.o
 .text.get_fat.isra.12.lto_priv.239
                0x00006150       0xf0 C:\Users\Michael\AppData\Local\Temp\ccmHASpc.ltrans0.ltrans.o
                0x00006150                get_fat.isra.12.lto_priv.239
 .text.dir_next.constprop.96
                0x00006240       0x94 C:\Users\Michael\AppData\Local\Temp\ccmHASpc.ltrans0.ltrans.o
                0x00006240                dir_next.constprop.96
 .text.dir_read.constprop.95
                0x000062d4       0x60 C:\Users\Michael\AppData\Local\Temp\ccmHASpc.ltrans0.ltrans.o
                0x000062d4                dir_read.constprop.95
 .text.dir_sdi.constprop.94
                0x00006334       0x7c C:\Users\Michael\AppData\Local\Temp\ccmHASpc.ltrans0.ltrans.o
                0x00006334                dir_sdi.constprop.94
 .text.dir_sdi.constprop.93
                0x000063b0       0x88 C:\Users\Michael\AppData\Local\Temp\ccmHASpc.ltrans0.ltrans.o
                0x000063b0                dir_sdi.constprop.93
 .text.remove_chain.constprop.36
                0x00006438       0x7c C:\Users\Michael\AppData\Local\Temp\ccmHASpc.ltrans0.ltrans.o
 .text.create_chain
                0x000064b4       0xd0 C:\Users\Michael\AppData\Local\Temp\ccmHASpc.ltrans0.ltrans.o
 .text.check_fs
                0x00006584       0xa4 C:\Users\Michael\AppData\Local\Temp\ccmHASpc.ltrans0.ltrans.o
 .text.follow_path
                0x00006628      0x2f4 C:\Users\Michael\AppData\Local\Temp\ccmHASpc.ltrans0.ltrans.o
 .text.dir_register
                0x0000691c      0x210 C:\Users\Michael\AppData\Local\Temp\ccmHASpc.ltrans0.ltrans.o
 .text.get_fileinfo.isra.4.part.5.lto_priv.242
                0x00006b2c      0x150 C:\Users\Michael\AppData\Local\Temp\ccmHASpc.ltrans0.ltrans.o
                0x00006b2c                get_fileinfo.isra.4.part.5.lto_priv.242
 .text.validate.lto_priv.222
                0x00006c7c       0x4c C:\Users\Michael\AppData\Local\Temp\ccmHASpc.ltrans0.ltrans.o
                0x00006c7c                validate.lto_priv.222
 .text.f_readdir
                0x00006cc8       0x6c C:\Users\Michael\AppData\Local\Temp\ccmHASpc.ltrans0.ltrans.o
                0x00006cc8                f_readdir
 .text.f_close  0x00006d34      0x154 C:\Users\Michael\AppData\Local\Temp\ccmHASpc.ltrans0.ltrans.o
 .text.f_write  0x00006e88      0x518 C:\Users\Michael\AppData\Local\Temp\ccmHASpc.ltrans0.ltrans.o
 .text.f_read   0x000073a0      0x464 C:\Users\Michael\AppData\Local\Temp\ccmHASpc.ltrans0.ltrans.o
 .text.WAIT1_Wait100Cycles
                0x00007804       0x24 C:\Users\Michael\AppData\Local\Temp\ccmHASpc.ltrans0.ltrans.o
                0x00007804                WAIT1_Wait100Cycles
 .text.WAIT1_Wait10Cycles
                0x00007828        0x8 C:\Users\Michael\AppData\Local\Temp\ccmHASpc.ltrans0.ltrans.o
                0x00007828                WAIT1_Wait10Cycles
 .text.WAIT1_Waitms
                0x00007830       0x30 C:\Users\Michael\AppData\Local\Temp\ccmHASpc.ltrans0.ltrans.o
                0x00007830                WAIT1_Waitms
 .text.SD1_Init.constprop.88
                0x00007860      0x5ac C:\Users\Michael\AppData\Local\Temp\ccmHASpc.ltrans0.ltrans.o
                0x00007860                SD1_Init.constprop.88
 .text.find_volume.lto_priv.240
                0x00007e0c      0x51c C:\Users\Michael\AppData\Local\Temp\ccmHASpc.ltrans0.ltrans.o
                0x00007e0c                find_volume.lto_priv.240
 .text.f_opendir
                0x00008328       0xbc C:\Users\Michael\AppData\Local\Temp\ccmHASpc.ltrans0.ltrans.o
                0x00008328                f_opendir
 .text.f_getcwd
                0x000083e4      0x398 C:\Users\Michael\AppData\Local\Temp\ccmHASpc.ltrans0.ltrans.o
                0x000083e4                f_getcwd
 .text.f_open   0x0000877c      0x1e8 C:\Users\Michael\AppData\Local\Temp\ccmHASpc.ltrans0.ltrans.o
 .text.UTIL1_Num32uToStr
                0x00008964      0x188 C:\Users\Michael\AppData\Local\Temp\ccmHASpc.ltrans0.ltrans.o
                0x00008964                UTIL1_Num32uToStr
 .text.UTIL1_strcatNum32u.constprop.45
                0x00008aec       0x5c C:\Users\Michael\AppData\Local\Temp\ccmHASpc.ltrans0.ltrans.o
 .text.ShiftRightAndFill.lto_priv.241
                0x00008b48       0x50 C:\Users\Michael\AppData\Local\Temp\ccmHASpc.ltrans0.ltrans.o
                0x00008b48                ShiftRightAndFill.lto_priv.241
 .text.UTIL1_strcatNum16sFormatted
                0x00008b98      0x114 C:\Users\Michael\AppData\Local\Temp\ccmHASpc.ltrans0.ltrans.o
                0x00008b98                UTIL1_strcatNum16sFormatted
 .text.AddTimeToBuf
                0x00008cac       0xa8 C:\Users\Michael\AppData\Local\Temp\ccmHASpc.ltrans0.ltrans.o
 .text.UTIL1_strcatNum16sFormatted.constprop.42
                0x00008d54      0x2d8 C:\Users\Michael\AppData\Local\Temp\ccmHASpc.ltrans0.ltrans.o
                0x00008d54                UTIL1_strcatNum16sFormatted.constprop.42
 .text.UTIL1_Num16uToStr
                0x0000902c       0x80 C:\Users\Michael\AppData\Local\Temp\ccmHASpc.ltrans0.ltrans.o
                0x0000902c                UTIL1_Num16uToStr
 .text.UTIL1_strcatNum16uFormatted.constprop.15
                0x000090ac       0x68 C:\Users\Michael\AppData\Local\Temp\ccmHASpc.ltrans0.ltrans.o
 .text.AddDateToBuf
                0x00009114      0x138 C:\Users\Michael\AppData\Local\Temp\ccmHASpc.ltrans0.ltrans.o
 .text.TmDt1_ParseCommand
                0x0000924c      0xa1c C:\Users\Michael\AppData\Local\Temp\ccmHASpc.ltrans0.ltrans.o
                0x0000924c                TmDt1_ParseCommand
 .text.FRTOS1_ParseCommand
                0x00009c68     0x24e8 C:\Users\Michael\AppData\Local\Temp\ccmHASpc.ltrans0.ltrans.o
                0x00009c68                FRTOS1_ParseCommand
 .text.FatFsFResultMsg.isra.8.lto_priv.232
                0x0000c150       0x74 C:\Users\Michael\AppData\Local\Temp\ccmHASpc.ltrans0.ltrans.o
                0x0000c150                FatFsFResultMsg.isra.8.lto_priv.232
 .text.FAT1_CreateFile.part.13
                0x0000c1c4       0x54 C:\Users\Michael\AppData\Local\Temp\ccmHASpc.ltrans0.ltrans.o
 .text.FAT1_DeleteFile.part.12
                0x0000c218      0x144 C:\Users\Michael\AppData\Local\Temp\ccmHASpc.ltrans0.ltrans.o
 .text.FAT1_CopyFile.part.11
                0x0000c35c      0x120 C:\Users\Michael\AppData\Local\Temp\ccmHASpc.ltrans0.ltrans.o
 .text.FAT1_PrintHexFile
                0x0000c47c      0x260 C:\Users\Michael\AppData\Local\Temp\ccmHASpc.ltrans0.ltrans.o
 .text.FAT1_PrintFile
                0x0000c6dc       0x9c C:\Users\Michael\AppData\Local\Temp\ccmHASpc.ltrans0.ltrans.o
 .text.FAT1_ParseCommand
                0x0000c778     0x17e0 C:\Users\Michael\AppData\Local\Temp\ccmHASpc.ltrans0.ltrans.o
                0x0000c778                FAT1_ParseCommand
 .text.DMA1_INT_DMA0_TransferComplete_ISR
                0x0000df58       0x28 C:\Users\Michael\AppData\Local\Temp\ccmHASpc.ltrans1.ltrans.o
 .text.Cpu_Interrupt
                0x0000df80        0x4 C:\Users\Michael\AppData\Local\Temp\ccmHASpc.ltrans1.ltrans.o
 .text.Cpu_INT_NMIInterrupt
                0x0000df84        0x4 C:\Users\Michael\AppData\Local\Temp\ccmHASpc.ltrans1.ltrans.o
 .text.CLS1_KeyPressed
                0x0000df88       0x10 C:\Users\Michael\AppData\Local\Temp\ccmHASpc.ltrans1.ltrans.o
 .text.CLS1_ReadChar
                0x0000df98       0x90 C:\Users\Michael\AppData\Local\Temp\ccmHASpc.ltrans1.ltrans.o
 .text.CI2C1_Init
                0x0000e028       0xa8 C:\Users\Michael\AppData\Local\Temp\ccmHASpc.ltrans1.ltrans.o
 .text.CI2C1_Interrupt
                0x0000e0d0      0x160 C:\Users\Michael\AppData\Local\Temp\ccmHASpc.ltrans1.ltrans.o
 .text.AD1_MainMeasure
                0x0000e230      0x16c C:\Users\Michael\AppData\Local\Temp\ccmHASpc.ltrans1.ltrans.o
 .text.DacLdd1_DMA0_OnComplete
                0x0000e39c      0x190 C:\Users\Michael\AppData\Local\Temp\ccmHASpc.ltrans1.ltrans.o
 .text.LCD_Write_Rectangle_Pixel
                0x0000e52c       0x54 C:\Users\Michael\AppData\Local\Temp\ccmHASpc.ltrans1.ltrans.o
 .text.LCD_Plot_Pixel
                0x0000e580       0xe0 C:\Users\Michael\AppData\Local\Temp\ccmHASpc.ltrans1.ltrans.o
 .text.LCD_Text_PrintStr_RC
                0x0000e660      0x848 C:\Users\Michael\AppData\Local\Temp\ccmHASpc.ltrans1.ltrans.o
 .text.CLS1_SendChar
                0x0000eea8       0xec C:\Users\Michael\AppData\Local\Temp\ccmHASpc.ltrans1.ltrans.o
 .text.ASerialLdd1_Interrupt
                0x0000ef94      0x214 C:\Users\Michael\AppData\Local\Temp\ccmHASpc.ltrans1.ltrans.o
 .text.__thumb_startup
                0x0000f1a8      0x1a4 C:\Users\Michael\AppData\Local\Temp\ccmHASpc.ltrans1.ltrans.o
                0x0000f1a8                __thumb_startup
 .text.Refill_Sound_Task
                0x0000f34c      0x274 C:\Users\Michael\AppData\Local\Temp\ccmHASpc.ltrans1.ltrans.o
 .text.Sound_Mngr_Task
                0x0000f5c0      0x364 C:\Users\Michael\AppData\Local\Temp\ccmHASpc.ltrans1.ltrans.o
 .text.RGB_Task
                0x0000f924      0x190 C:\Users\Michael\AppData\Local\Temp\ccmHASpc.ltrans1.ltrans.o
 .text.Update_Screen_Task
                0x0000fab4      0x55c C:\Users\Michael\AppData\Local\Temp\ccmHASpc.ltrans1.ltrans.o
 .text.Read_TS_Task
                0x00010010      0xab4 C:\Users\Michael\AppData\Local\Temp\ccmHASpc.ltrans1.ltrans.o
 .text.PWD_Task
                0x00010ac4      0x694 C:\Users\Michael\AppData\Local\Temp\ccmHASpc.ltrans1.ltrans.o
 .text.FatFS_SD_Task
                0x00011158      0x3dc C:\Users\Michael\AppData\Local\Temp\ccmHASpc.ltrans1.ltrans.o
 .text.Cmd_Line_Task
                0x00011534      0x220 C:\Users\Michael\AppData\Local\Temp\ccmHASpc.ltrans1.ltrans.o
 .text.FAT1_get_fattime
                0x00011754       0xa8 C:\Users\Michael\AppData\Local\Temp\ccmHASpc.ltrans1.ltrans.o
                0x00011754                FAT1_get_fattime
 .text.ff_rel_grant
                0x000117fc        0x8 C:\Users\Michael\AppData\Local\Temp\ccmHASpc.ltrans1.ltrans.o
                0x000117fc                ff_rel_grant
 .text.CLS1_SendStr.part.0
                0x00011804       0x18 C:\Users\Michael\AppData\Local\Temp\ccmHASpc.ltrans1.ltrans.o
                0x00011804                CLS1_SendStr.part.0
 .text.CLS1_ParseCommand
                0x0001181c      0x1a4 C:\Users\Michael\AppData\Local\Temp\ccmHASpc.ltrans1.ltrans.o
                0x0001181c                CLS1_ParseCommand
 .text.CLS1_SendNum32s
                0x000119c0       0x2c C:\Users\Michael\AppData\Local\Temp\ccmHASpc.ltrans1.ltrans.o
                0x000119c0                CLS1_SendNum32s
 .text.CLS1_SendStr
                0x000119ec       0x18 C:\Users\Michael\AppData\Local\Temp\ccmHASpc.ltrans1.ltrans.o
                0x000119ec                CLS1_SendStr
 .text.PrintDir.lto_priv.185
                0x00011a04     0x17b8 C:\Users\Michael\AppData\Local\Temp\ccmHASpc.ltrans1.ltrans.o
                0x00011a04                PrintDir.lto_priv.185
 .text.CI2C1_MasterSendBlock.part.0
                0x000131bc       0xb4 C:\Users\Michael\AppData\Local\Temp\ccmHASpc.ltrans1.ltrans.o
                0x000131bc                CI2C1_MasterSendBlock.part.0
 .text.Read_Accel_Task
                0x00013270      0x834 C:\Users\Michael\AppData\Local\Temp\ccmHASpc.ltrans1.ltrans.o
 .text.startup.main
                0x00013aa4      0xde0 C:\Users\Michael\AppData\Local\Temp\ccmHASpc.ltrans1.ltrans.o
                0x00013aa4                main
 .text.exit     0x00014884       0x2c c:/program files (x86)/gnu tools arm embedded/8 2019-q3-update/bin/../lib/gcc/arm-none-eabi/8.3.1/../../../../arm-none-eabi/lib/thumb/v6-m/nofp\libg_nano.a(lib_a-exit.o)
                0x00014884                exit
 .text.__libc_init_array
                0x000148b0       0x48 c:/program files (x86)/gnu tools arm embedded/8 2019-q3-update/bin/../lib/gcc/arm-none-eabi/8.3.1/../../../../arm-none-eabi/lib/thumb/v6-m/nofp\libg_nano.a(lib_a-init.o)
                0x000148b0                __libc_init_array
 .text.memset   0x000148f8       0x10 c:/program files (x86)/gnu tools arm embedded/8 2019-q3-update/bin/../lib/gcc/arm-none-eabi/8.3.1/../../../../arm-none-eabi/lib/thumb/v6-m/nofp\libg_nano.a(lib_a-memset.o)
                0x000148f8                memset
 .text._free_r  0x00014908       0x94 c:/program files (x86)/gnu tools arm embedded/8 2019-q3-update/bin/../lib/gcc/arm-none-eabi/8.3.1/../../../../arm-none-eabi/lib/thumb/v6-m/nofp\libg_nano.a(lib_a-nano-freer.o)
                0x00014908                _free_r
 .text._malloc_r
                0x0001499c       0xbc c:/program files (x86)/gnu tools arm embedded/8 2019-q3-update/bin/../lib/gcc/arm-none-eabi/8.3.1/../../../../arm-none-eabi/lib/thumb/v6-m/nofp\libg_nano.a(lib_a-nano-mallocr.o)
                0x0001499c                _malloc_r
 .text._sbrk_r  0x00014a58       0x24 c:/program files (x86)/gnu tools arm embedded/8 2019-q3-update/bin/../lib/gcc/arm-none-eabi/8.3.1/../../../../arm-none-eabi/lib/thumb/v6-m/nofp\libg_nano.a(lib_a-sbrkr.o)
                0x00014a58                _sbrk_r
 .text.__malloc_lock
                0x00014a7c       0x10 c:/program files (x86)/gnu tools arm embedded/8 2019-q3-update/bin/../lib/gcc/arm-none-eabi/8.3.1/../../../../arm-none-eabi/lib/thumb/v6-m/nofp\libg_nano.a(lib_a-mlock.o)
                0x00014a7c                __malloc_lock
 .text.__malloc_unlock
                0x00014a8c       0x10 c:/program files (x86)/gnu tools arm embedded/8 2019-q3-update/bin/../lib/gcc/arm-none-eabi/8.3.1/../../../../arm-none-eabi/lib/thumb/v6-m/nofp\libg_nano.a(lib_a-mlock.o)
                0x00014a8c                __malloc_unlock
 .text.__retarget_lock_acquire_recursive
                0x00014a9c        0x2 c:/program files (x86)/gnu tools arm embedded/8 2019-q3-update/bin/../lib/gcc/arm-none-eabi/8.3.1/../../../../arm-none-eabi/lib/thumb/v6-m/nofp\libg_nano.a(lib_a-lock.o)
                0x00014a9c                __retarget_lock_acquire_recursive
 .text.__retarget_lock_release_recursive
                0x00014a9e        0x2 c:/program files (x86)/gnu tools arm embedded/8 2019-q3-update/bin/../lib/gcc/arm-none-eabi/8.3.1/../../../../arm-none-eabi/lib/thumb/v6-m/nofp\libg_nano.a(lib_a-lock.o)
                0x00014a9e                __retarget_lock_release_recursive
 .text.memcpy   0x00014aa0       0x12 c:/program files (x86)/gnu tools arm embedded/8 2019-q3-update/bin/../lib/gcc/arm-none-eabi/8.3.1/../../../../arm-none-eabi/lib/thumb/v6-m/nofp\libg_nano.a(lib_a-memcpy-stub.o)
                0x00014aa0                memcpy
 *fill*         0x00014ab2        0x2 
 .text.sprintf  0x00014ab4       0x40 c:/program files (x86)/gnu tools arm embedded/8 2019-q3-update/bin/../lib/gcc/arm-none-eabi/8.3.1/../../../../arm-none-eabi/lib/thumb/v6-m/nofp\libg_nano.a(lib_a-sprintf.o)
                0x00014ab4                siprintf
                0x00014ab4                sprintf
 .text.strchr   0x00014af4       0x1c c:/program files (x86)/gnu tools arm embedded/8 2019-q3-update/bin/../lib/gcc/arm-none-eabi/8.3.1/../../../../arm-none-eabi/lib/thumb/v6-m/nofp\libg_nano.a(lib_a-strchr.o)
                0x00014af4                strchr
 .text.strncmp  0x00014b10       0x22 c:/program files (x86)/gnu tools arm embedded/8 2019-q3-update/bin/../lib/gcc/arm-none-eabi/8.3.1/../../../../arm-none-eabi/lib/thumb/v6-m/nofp\libg_nano.a(lib_a-strncmp.o)
                0x00014b10                strncmp
 *fill*         0x00014b32        0x2 
 .text.__ssputs_r
                0x00014b34       0xc4 c:/program files (x86)/gnu tools arm embedded/8 2019-q3-update/bin/../lib/gcc/arm-none-eabi/8.3.1/../../../../arm-none-eabi/lib/thumb/v6-m/nofp\libg_nano.a(lib_a-nano-svfprintf.o)
                0x00014b34                __ssputs_r
 .text._svfprintf_r
                0x00014bf8      0x1fc c:/program files (x86)/gnu tools arm embedded/8 2019-q3-update/bin/../lib/gcc/arm-none-eabi/8.3.1/../../../../arm-none-eabi/lib/thumb/v6-m/nofp\libg_nano.a(lib_a-nano-svfprintf.o)
                0x00014bf8                _svfiprintf_r
                0x00014bf8                _svfprintf_r
 .text._printf_common
                0x00014df4       0xda c:/program files (x86)/gnu tools arm embedded/8 2019-q3-update/bin/../lib/gcc/arm-none-eabi/8.3.1/../../../../arm-none-eabi/lib/thumb/v6-m/nofp\libg_nano.a(lib_a-nano-vfprintf_i.o)
                0x00014df4                _printf_common
 *fill*         0x00014ece        0x2 
 .text._printf_i
                0x00014ed0      0x214 c:/program files (x86)/gnu tools arm embedded/8 2019-q3-update/bin/../lib/gcc/arm-none-eabi/8.3.1/../../../../arm-none-eabi/lib/thumb/v6-m/nofp\libg_nano.a(lib_a-nano-vfprintf_i.o)
                0x00014ed0                _printf_i
 .text.memchr   0x000150e4       0x16 c:/program files (x86)/gnu tools arm embedded/8 2019-q3-update/bin/../lib/gcc/arm-none-eabi/8.3.1/../../../../arm-none-eabi/lib/thumb/v6-m/nofp\libg_nano.a(lib_a-memchr-stub.o)
                0x000150e4                memchr
 .text.memmove  0x000150fa       0x26 c:/program files (x86)/gnu tools arm embedded/8 2019-q3-update/bin/../lib/gcc/arm-none-eabi/8.3.1/../../../../arm-none-eabi/lib/thumb/v6-m/nofp\libg_nano.a(lib_a-memmove.o)
                0x000150fa                memmove
 .text._realloc_r
                0x00015120       0x4c c:/program files (x86)/gnu tools arm embedded/8 2019-q3-update/bin/../lib/gcc/arm-none-eabi/8.3.1/../../../../arm-none-eabi/lib/thumb/v6-m/nofp\libg_nano.a(lib_a-nano-reallocr.o)
                0x00015120                _realloc_r
 .text._malloc_usable_size_r
                0x0001516c       0x10 c:/program files (x86)/gnu tools arm embedded/8 2019-q3-update/bin/../lib/gcc/arm-none-eabi/8.3.1/../../../../arm-none-eabi/lib/thumb/v6-m/nofp\libg_nano.a(lib_a-nano-msizer.o)
                0x0001516c                _malloc_usable_size_r
 .text._sbrk    0x0001517c       0x1c c:/program files (x86)/gnu tools arm embedded/8 2019-q3-update/bin/../lib/gcc/arm-none-eabi/8.3.1/../../../../arm-none-eabi/lib/thumb/v6-m/nofp\libnosys.a(sbrk.o)
                0x0001517c                _sbrk
 .text._exit    0x00015198        0x4 c:/program files (x86)/gnu tools arm embedded/8 2019-q3-update/bin/../lib/gcc/arm-none-eabi/8.3.1/../../../../arm-none-eabi/lib/thumb/v6-m/nofp\libnosys.a(_exit.o)
                0x00015198                _exit
 .text.sinf     0x0001519c       0x7c c:/program files (x86)/gnu tools arm embedded/8 2019-q3-update/bin/../lib/gcc/arm-none-eabi/8.3.1/../../../../arm-none-eabi/lib/thumb/v6-m/nofp\libm.a(lib_a-sf_sin.o)
                0x0001519c                sinf
 .text.__ieee754_rem_pio2f
                0x00015218      0x304 c:/program files (x86)/gnu tools arm embedded/8 2019-q3-update/bin/../lib/gcc/arm-none-eabi/8.3.1/../../../../arm-none-eabi/lib/thumb/v6-m/nofp\libm.a(lib_a-ef_rem_pio2.o)
                0x00015218                __ieee754_rem_pio2f
 .text.__kernel_cosf
                0x0001551c      0x194 c:/program files (x86)/gnu tools arm embedded/8 2019-q3-update/bin/../lib/gcc/arm-none-eabi/8.3.1/../../../../arm-none-eabi/lib/thumb/v6-m/nofp\libm.a(lib_a-kf_cos.o)
                0x0001551c                __kernel_cosf
 .text.__kernel_rem_pio2f
                0x000156b0      0x770 c:/program files (x86)/gnu tools arm embedded/8 2019-q3-update/bin/../lib/gcc/arm-none-eabi/8.3.1/../../../../arm-none-eabi/lib/thumb/v6-m/nofp\libm.a(lib_a-kf_rem_pio2.o)
                0x000156b0                __kernel_rem_pio2f
 .text.__kernel_sinf
                0x00015e20       0xf4 c:/program files (x86)/gnu tools arm embedded/8 2019-q3-update/bin/../lib/gcc/arm-none-eabi/8.3.1/../../../../arm-none-eabi/lib/thumb/v6-m/nofp\libm.a(lib_a-kf_sin.o)
                0x00015e20                __kernel_sinf
 .text.fabsf    0x00015f14        0x8 c:/program files (x86)/gnu tools arm embedded/8 2019-q3-update/bin/../lib/gcc/arm-none-eabi/8.3.1/../../../../arm-none-eabi/lib/thumb/v6-m/nofp\libm.a(lib_a-sf_fabs.o)
                0x00015f14                fabsf
 .text.floorf   0x00015f1c       0x84 c:/program files (x86)/gnu tools arm embedded/8 2019-q3-update/bin/../lib/gcc/arm-none-eabi/8.3.1/../../../../arm-none-eabi/lib/thumb/v6-m/nofp\libm.a(lib_a-sf_floor.o)
                0x00015f1c                floorf
 .text.scalbnf  0x00015fa0       0xc0 c:/program files (x86)/gnu tools arm embedded/8 2019-q3-update/bin/../lib/gcc/arm-none-eabi/8.3.1/../../../../arm-none-eabi/lib/thumb/v6-m/nofp\libm.a(lib_a-sf_scalbn.o)
                0x00015fa0                scalbnf
 *(.rodata)
 .rodata        0x00016060        0xd C:\Users\Michael\AppData\Local\Temp\ccmHASpc.ltrans0.ltrans.o
 *fill*         0x0001606d        0x3 
 .rodata        0x00016070       0x60 C:\Users\Michael\AppData\Local\Temp\ccmHASpc.ltrans1.ltrans.o
 .rodata        0x000160d0       0xac c:/program files (x86)/gnu tools arm embedded/8 2019-q3-update/bin/../lib/gcc/arm-none-eabi/8.3.1/thumb/v6-m/nofp\libgcc.a(divsf3.o)
 .rodata        0x0001617c       0x40 c:/program files (x86)/gnu tools arm embedded/8 2019-q3-update/bin/../lib/gcc/arm-none-eabi/8.3.1/thumb/v6-m/nofp\libgcc.a(mulsf3.o)
 .rodata        0x000161bc       0x40 c:/program files (x86)/gnu tools arm embedded/8 2019-q3-update/bin/../lib/gcc/arm-none-eabi/8.3.1/thumb/v6-m/nofp\libgcc.a(muldf3.o)
 *(.rodata*)
 .rodata.CLS1_ParseWithCommandTable.constprop.70.str1.4
                0x000161fc       0x62 C:\Users\Michael\AppData\Local\Temp\ccmHASpc.ltrans0.ltrans.o
 *fill*         0x0001625e        0x2 
 .rodata.CSWTCH.79.lto_priv.233
                0x00016260       0x4c C:\Users\Michael\AppData\Local\Temp\ccmHASpc.ltrans0.ltrans.o
                0x00016260                CSWTCH.79.lto_priv.233
 .rodata.CmdParserTable.lto_priv.234
                0x000162ac       0x14 C:\Users\Michael\AppData\Local\Temp\ccmHASpc.ltrans0.ltrans.o
                0x000162ac                CmdParserTable.lto_priv.234
 .rodata.CmdUsageError.isra.1.str1.4
                0x000162c0       0x32 C:\Users\Michael\AppData\Local\Temp\ccmHASpc.ltrans0.ltrans.o
                                 0x37 (size before relaxing)
 *fill*         0x000162f2        0x2 
 .rodata.ExCvt  0x000162f4       0x80 C:\Users\Michael\AppData\Local\Temp\ccmHASpc.ltrans0.ltrans.o
 .rodata.FAT1_CopyFile.part.11.str1.4
                0x00016374       0xe0 C:\Users\Michael\AppData\Local\Temp\ccmHASpc.ltrans0.ltrans.o
 .rodata.FAT1_CreateFile.part.13.str1.4
                0x00016454       0x30 C:\Users\Michael\AppData\Local\Temp\ccmHASpc.ltrans0.ltrans.o
 .rodata.FAT1_DeleteFile.part.12.str1.4
                0x00016484        0xe C:\Users\Michael\AppData\Local\Temp\ccmHASpc.ltrans0.ltrans.o
 *fill*         0x00016492        0x2 
 .rodata.FAT1_ParseCommand.str1.4
                0x00016494      0x803 C:\Users\Michael\AppData\Local\Temp\ccmHASpc.ltrans0.ltrans.o
 *fill*         0x00016c97        0x1 
 .rodata.FAT1_PrintFile.str1.4
                0x00016c98       0x11 C:\Users\Michael\AppData\Local\Temp\ccmHASpc.ltrans0.ltrans.o
 *fill*         0x00016ca9        0x3 
 .rodata.FAT1_PrintHexFile.str1.4
                0x00016cac       0x3b C:\Users\Michael\AppData\Local\Temp\ccmHASpc.ltrans0.ltrans.o
 *fill*         0x00016ce7        0x1 
 .rodata.FRTOS1_ParseCommand.str1.4
                0x00016ce8      0x19c C:\Users\Michael\AppData\Local\Temp\ccmHASpc.ltrans0.ltrans.o
                                0x1b0 (size before relaxing)
 .rodata.FatFsFResultMsg.isra.8.lto_priv.232.str1.4
                0x00016e84       0x17 C:\Users\Michael\AppData\Local\Temp\ccmHASpc.ltrans0.ltrans.o
 *fill*         0x00016e9b        0x1 
 .rodata.LY     0x00016e9c        0xc C:\Users\Michael\AppData\Local\Temp\ccmHASpc.ltrans0.ltrans.o
 .rodata.TmDt1_ParseCommand.str1.4
                0x00016ea8      0x32c C:\Users\Michael\AppData\Local\Temp\ccmHASpc.ltrans0.ltrans.o
                                0x334 (size before relaxing)
 .rodata.ULY    0x000171d4        0xc C:\Users\Michael\AppData\Local\Temp\ccmHASpc.ltrans0.ltrans.o
 .rodata.UTIL1_ReadEscapedName.constprop.25.str1.4
                0x000171e0      0x32c C:\Users\Michael\AppData\Local\Temp\ccmHASpc.ltrans0.ltrans.o
                                  0x1 (size before relaxing)
 .rodata.follow_path.str1.4
                0x000171e0        0xf C:\Users\Michael\AppData\Local\Temp\ccmHASpc.ltrans0.ltrans.o
 *fill*         0x000171ef        0x1 
 .rodata.str1.4
                0x000171f0      0x2f1 C:\Users\Michael\AppData\Local\Temp\ccmHASpc.ltrans0.ltrans.o
 *fill*         0x000174e1        0x3 
 .rodata.vTaskStartScheduler.str1.4
                0x000174e4        0x5 C:\Users\Michael\AppData\Local\Temp\ccmHASpc.ltrans0.ltrans.o
 *fill*         0x000174e9        0x3 
 .rodata.CLS1_ParseCommand.str1.4
                0x000174ec      0x11b C:\Users\Michael\AppData\Local\Temp\ccmHASpc.ltrans1.ltrans.o
                                0x15b (size before relaxing)
 *fill*         0x00017607        0x1 
 .rodata.CLS1_stdio
                0x00017608       0x10 C:\Users\Michael\AppData\Local\Temp\ccmHASpc.ltrans1.ltrans.o
 .rodata.ChannelToPin
                0x00017618        0x4 C:\Users\Michael\AppData\Local\Temp\ccmHASpc.ltrans1.ltrans.o
 .rodata.Cmd_Line_Task.str1.4
                0x0001761c        0x5 C:\Users\Michael\AppData\Local\Temp\ccmHASpc.ltrans1.ltrans.o
 .rodata.DMA1_DevConst
                0x0001761c        0xc C:\Users\Michael\AppData\Local\Temp\ccmHASpc.ltrans1.ltrans.o
 .rodata.DacLdd1_DMA0_ChInit
                0x00017628       0x1c C:\Users\Michael\AppData\Local\Temp\ccmHASpc.ltrans1.ltrans.o
 .rodata.FatFS_SD_Task.str1.4
                0x00017644       0x31 C:\Users\Michael\AppData\Local\Temp\ccmHASpc.ltrans1.ltrans.o
                                 0x51 (size before relaxing)
 *fill*         0x00017675        0x3 
 .rodata.Init_Seq_ST7789
                0x00017678       0x8e C:\Users\Michael\AppData\Local\Temp\ccmHASpc.ltrans1.ltrans.o
 *fill*         0x00017706        0x2 
 .rodata.Lucida_Console12x19
                0x00017708      0xef7 C:\Users\Michael\AppData\Local\Temp\ccmHASpc.ltrans1.ltrans.o
 *fill*         0x000185ff        0x1 
 .rodata.PWD_Task.str1.4
                0x00018600        0x6 C:\Users\Michael\AppData\Local\Temp\ccmHASpc.ltrans1.ltrans.o
 *fill*         0x00018606        0x2 
 .rodata.PrintDir.lto_priv.185.str1.4
                0x00018608       0x71 C:\Users\Michael\AppData\Local\Temp\ccmHASpc.ltrans1.ltrans.o
 *fill*         0x00018679        0x3 
 .rodata.Read_Accel_Task.str1.4
                0x0001867c       0x2b C:\Users\Michael\AppData\Local\Temp\ccmHASpc.ltrans1.ltrans.o
                                 0x2f (size before relaxing)
 *fill*         0x000186a7        0x1 
 .rodata.Read_TS_Task.str1.4
                0x000186a8        0xf C:\Users\Michael\AppData\Local\Temp\ccmHASpc.ltrans1.ltrans.o
 *fill*         0x000186b7        0x1 
 .rodata.Table  0x000186b8        0x4 C:\Users\Michael\AppData\Local\Temp\ccmHASpc.ltrans1.ltrans.o
 .rodata.addr.5803
                0x000186bc        0x1 C:\Users\Michael\AppData\Local\Temp\ccmHASpc.ltrans1.ltrans.o
 .rodata.addr.5811
                0x000186bd        0x1 C:\Users\Michael\AppData\Local\Temp\ccmHASpc.ltrans1.ltrans.o
 .rodata.addr.5819
                0x000186be        0x1 C:\Users\Michael\AppData\Local\Temp\ccmHASpc.ltrans1.ltrans.o
 *fill*         0x000186bf        0x1 
 .rodata.main.str1.4
                0x000186c0       0x7c C:\Users\Michael\AppData\Local\Temp\ccmHASpc.ltrans1.ltrans.o
                                 0x79 (size before relaxing)
 .rodata._global_impure_ptr
                0x0001873c        0x4 c:/program files (x86)/gnu tools arm embedded/8 2019-q3-update/bin/../lib/gcc/arm-none-eabi/8.3.1/../../../../arm-none-eabi/lib/thumb/v6-m/nofp\libg_nano.a(lib_a-impure.o)
                0x0001873c                _global_impure_ptr
 .rodata._svfprintf_r.str1.1
                0x00018740       0x11 c:/program files (x86)/gnu tools arm embedded/8 2019-q3-update/bin/../lib/gcc/arm-none-eabi/8.3.1/../../../../arm-none-eabi/lib/thumb/v6-m/nofp\libg_nano.a(lib_a-nano-svfprintf.o)
 .rodata._printf_i.str1.1
                0x00018751       0x22 c:/program files (x86)/gnu tools arm embedded/8 2019-q3-update/bin/../lib/gcc/arm-none-eabi/8.3.1/../../../../arm-none-eabi/lib/thumb/v6-m/nofp\libg_nano.a(lib_a-nano-vfprintf_i.o)
 *fill*         0x00018773        0x1 
 .rodata.npio2_hw
                0x00018774       0x80 c:/program files (x86)/gnu tools arm embedded/8 2019-q3-update/bin/../lib/gcc/arm-none-eabi/8.3.1/../../../../arm-none-eabi/lib/thumb/v6-m/nofp\libm.a(lib_a-ef_rem_pio2.o)
 .rodata.two_over_pi
                0x000187f4      0x318 c:/program files (x86)/gnu tools arm embedded/8 2019-q3-update/bin/../lib/gcc/arm-none-eabi/8.3.1/../../../../arm-none-eabi/lib/thumb/v6-m/nofp\libm.a(lib_a-ef_rem_pio2.o)
 .rodata.PIo2   0x00018b0c       0x2c c:/program files (x86)/gnu tools arm embedded/8 2019-q3-update/bin/../lib/gcc/arm-none-eabi/8.3.1/../../../../arm-none-eabi/lib/thumb/v6-m/nofp\libm.a(lib_a-kf_rem_pio2.o)
 .rodata.init_jk
                0x00018b38        0xc c:/program files (x86)/gnu tools arm embedded/8 2019-q3-update/bin/../lib/gcc/arm-none-eabi/8.3.1/../../../../arm-none-eabi/lib/thumb/v6-m/nofp\libm.a(lib_a-kf_rem_pio2.o)
 *(.glue_7)
 .glue_7        0x00018b44        0x0 linker stubs
 *(.glue_7t)
 .glue_7t       0x00018b44        0x0 linker stubs
 *(.eh_frame)
 .eh_frame      0x00018b44        0x0 c:/program files (x86)/gnu tools arm embedded/8 2019-q3-update/bin/../lib/gcc/arm-none-eabi/8.3.1/thumb/v6-m/nofp/crtbegin.o
 *(.init)
 .init          0x00018b44        0x4 c:/program files (x86)/gnu tools arm embedded/8 2019-q3-update/bin/../lib/gcc/arm-none-eabi/8.3.1/thumb/v6-m/nofp/crti.o
                0x00018b44                _init
 .init          0x00018b48        0x8 c:/program files (x86)/gnu tools arm embedded/8 2019-q3-update/bin/../lib/gcc/arm-none-eabi/8.3.1/thumb/v6-m/nofp/crtn.o
 *(.fini)
 .fini          0x00018b50        0x4 c:/program files (x86)/gnu tools arm embedded/8 2019-q3-update/bin/../lib/gcc/arm-none-eabi/8.3.1/thumb/v6-m/nofp/crti.o
                0x00018b50                _fini
 .fini          0x00018b54        0x8 c:/program files (x86)/gnu tools arm embedded/8 2019-q3-update/bin/../lib/gcc/arm-none-eabi/8.3.1/thumb/v6-m/nofp/crtn.o
                0x00018b5c                . = ALIGN (0x4)
                0x00018b5c                _etext = .

.vfp11_veneer   0x00018b5c        0x0
 .vfp11_veneer  0x00018b5c        0x0 linker stubs

.v4_bx          0x00018b5c        0x0
 .v4_bx         0x00018b5c        0x0 linker stubs

.iplt           0x00018b5c        0x0
 .iplt          0x00018b5c        0x0 c:/program files (x86)/gnu tools arm embedded/8 2019-q3-update/bin/../lib/gcc/arm-none-eabi/8.3.1/thumb/v6-m/nofp/crtbegin.o

.ARM.extab
 *(.ARM.extab* .gnu.linkonce.armextab.*)

.ARM            0x00018b5c        0x8
                0x00018b5c                __exidx_start = .
 *(.ARM.exidx*)
 .ARM.exidx     0x00018b5c        0x8 c:/program files (x86)/gnu tools arm embedded/8 2019-q3-update/bin/../lib/gcc/arm-none-eabi/8.3.1/../../../../arm-none-eabi/lib/thumb/v6-m/nofp/crt0.o
                0x00018b64                __exidx_end = .

.rel.dyn        0x00018b64        0x0
 .rel.iplt      0x00018b64        0x0 c:/program files (x86)/gnu tools arm embedded/8 2019-q3-update/bin/../lib/gcc/arm-none-eabi/8.3.1/thumb/v6-m/nofp/crtbegin.o

.ctors          0x00018b64        0x0
                0x00018b64                __CTOR_LIST__ = .
 *crtbegin.o(.ctors)
 *(EXCLUDE_FILE(*crtend.o) .ctors)
 *(SORT_BY_NAME(.ctors.*))
 *(.ctors)
                0x00018b64                __CTOR_END__ = .

.dtors          0x00018b64        0x0
                0x00018b64                __DTOR_LIST__ = .
 *crtbegin.o(.dtors)
 *(EXCLUDE_FILE(*crtend.o) .dtors)
 *(SORT_BY_NAME(.dtors.*))
 *(.dtors)
                0x00018b64                __DTOR_END__ = .

.preinit_array  0x00018b64        0x0
                0x00018b64                PROVIDE (__preinit_array_start = .)
 *(.preinit_array*)
                0x00018b64                PROVIDE (__preinit_array_end = .)

.init_array     0x00018b64        0x4
                0x00018b64                PROVIDE (__init_array_start = .)
 *(SORT_BY_NAME(.init_array.*))
 *(.init_array*)
 .init_array    0x00018b64        0x4 c:/program files (x86)/gnu tools arm embedded/8 2019-q3-update/bin/../lib/gcc/arm-none-eabi/8.3.1/thumb/v6-m/nofp/crtbegin.o
                0x00018b68                PROVIDE (__init_array_end = .)

.fini_array     0x00018b68        0x4
                [!provide]                PROVIDE (__fini_array_start = .)
 *(SORT_BY_NAME(.fini_array.*))
 *(.fini_array*)
 .fini_array    0x00018b68        0x4 c:/program files (x86)/gnu tools arm embedded/8 2019-q3-update/bin/../lib/gcc/arm-none-eabi/8.3.1/thumb/v6-m/nofp/crtbegin.o
                [!provide]                PROVIDE (__fini_array_end = .)
                0x00018b6c                ___ROM_AT = .

.mtb            0x1ffff000        0x0
                0x1ffff000                . = ALIGN (0x8)
                0x1ffff000                _mtb_start = .
 *(.mtb_buf)
                0x1ffff000                . = ALIGN (0x8)
                0x1ffff000                _mtb_end = .

.data           0x1ffff000       0x7c load address 0x00018b6c
                0x1ffff000                . = ALIGN (0x4)
                0x1ffff000                _sdata = .
 *(.data)
 *(.data*)
 .data.CardType
                0x1ffff000        0x1 C:\Users\Michael\AppData\Local\Temp\ccmHASpc.ltrans0.ltrans.o
 .data.Stat.lto_priv.223
                0x1ffff001        0x1 C:\Users\Michael\AppData\Local\Temp\ccmHASpc.ltrans0.ltrans.o
                0x1ffff001                Stat.lto_priv.223
 .data.currentSpeedMode
                0x1ffff002        0x1 C:\Users\Michael\AppData\Local\Temp\ccmHASpc.ltrans0.ltrans.o
 *fill*         0x1ffff003        0x1 
 .data.uxCriticalNesting.lto_priv.218
                0x1ffff004        0x4 C:\Users\Michael\AppData\Local\Temp\ccmHASpc.ltrans0.ltrans.o
                0x1ffff004                uxCriticalNesting.lto_priv.218
 .data.uxTopUsedPriority
                0x1ffff008        0x4 C:\Users\Michael\AppData\Local\Temp\ccmHASpc.ltrans0.ltrans.o
                0x1ffff008                uxTopUsedPriority
 .data.xHeapStructSize.lto_priv.225
                0x1ffff00c        0x4 C:\Users\Michael\AppData\Local\Temp\ccmHASpc.ltrans0.ltrans.o
                0x1ffff00c                xHeapStructSize.lto_priv.225
 .data.CLS1_EchoEnabled
                0x1ffff010        0x1 C:\Users\Michael\AppData\Local\Temp\ccmHASpc.ltrans1.ltrans.o
 *fill*         0x1ffff011        0x3 
 .data.white    0x1ffff014        0x3 C:\Users\Michael\AppData\Local\Temp\ccmHASpc.ltrans1.ltrans.o
 *fill*         0x1ffff017        0x1 
 .data._impure_ptr
                0x1ffff018        0x4 c:/program files (x86)/gnu tools arm embedded/8 2019-q3-update/bin/../lib/gcc/arm-none-eabi/8.3.1/../../../../arm-none-eabi/lib/thumb/v6-m/nofp\libg_nano.a(lib_a-impure.o)
                0x1ffff018                _impure_ptr
 .data.impure_data
                0x1ffff01c       0x60 c:/program files (x86)/gnu tools arm embedded/8 2019-q3-update/bin/../lib/gcc/arm-none-eabi/8.3.1/../../../../arm-none-eabi/lib/thumb/v6-m/nofp\libg_nano.a(lib_a-impure.o)
                0x1ffff07c                . = ALIGN (0x4)
                0x1ffff07c                _edata = .
                0x0000007c                ___data_size = (_edata - _sdata)

.igot.plt       0x1ffff07c        0x0 load address 0x00018be8
 .igot.plt      0x1ffff07c        0x0 c:/program files (x86)/gnu tools arm embedded/8 2019-q3-update/bin/../lib/gcc/arm-none-eabi/8.3.1/thumb/v6-m/nofp/crtbegin.o
                0x1ffff07c                . = ALIGN (0x4)

.bss            0x1ffff080     0x3168 load address 0x00018bf0
                0x1ffff080                __START_BSS = .
                0x1ffff080                PROVIDE (__bss_start__ = __START_BSS)
 *(.bss)
 .bss           0x1ffff080       0x1c c:/program files (x86)/gnu tools arm embedded/8 2019-q3-update/bin/../lib/gcc/arm-none-eabi/8.3.1/thumb/v6-m/nofp/crtbegin.o
 *(.bss*)
 .bss.BufferRead.lto_priv.217
                0x1ffff09c        0x1 C:\Users\Michael\AppData\Local\Temp\ccmHASpc.ltrans0.ltrans.o
                0x1ffff09c                BufferRead.lto_priv.217
 .bss.CntDay.lto_priv.188
                0x1ffff09d        0x1 C:\Users\Michael\AppData\Local\Temp\ccmHASpc.ltrans0.ltrans.o
                0x1ffff09d                CntDay.lto_priv.188
 .bss.CntMonth.lto_priv.187
                0x1ffff09e        0x1 C:\Users\Michael\AppData\Local\Temp\ccmHASpc.ltrans0.ltrans.o
                0x1ffff09e                CntMonth.lto_priv.187
 *fill*         0x1ffff09f        0x1 
 .bss.CntYear.lto_priv.186
                0x1ffff0a0        0x2 C:\Users\Michael\AppData\Local\Temp\ccmHASpc.ltrans0.ltrans.o
                0x1ffff0a0                CntYear.lto_priv.186
 *fill*         0x1ffff0a2        0x2 
 .bss.FatFs.lto_priv.224
                0x1ffff0a4        0x4 C:\Users\Michael\AppData\Local\Temp\ccmHASpc.ltrans0.ltrans.o
                0x1ffff0a4                FatFs.lto_priv.224
 .bss.Fsid      0x1ffff0a8        0x2 C:\Users\Michael\AppData\Local\Temp\ccmHASpc.ltrans0.ltrans.o
 *fill*         0x1ffff0aa        0x2 
 .bss.GI2C1_deviceData.lto_priv.216
                0x1ffff0ac        0x8 C:\Users\Michael\AppData\Local\Temp\ccmHASpc.ltrans0.ltrans.o
                0x1ffff0ac                GI2C1_deviceData.lto_priv.216
 .bss.INT_SPI1__BAREBOARD_RTOS_ISRPARAM.lto_priv.235
                0x1ffff0b4        0x4 C:\Users\Michael\AppData\Local\Temp\ccmHASpc.ltrans0.ltrans.o
                0x1ffff0b4                INT_SPI1__BAREBOARD_RTOS_ISRPARAM.lto_priv.235
 .bss.PE_LDD_DeviceDataList
                0x1ffff0b8       0x68 C:\Users\Michael\AppData\Local\Temp\ccmHASpc.ltrans0.ltrans.o
                0x1ffff0b8                PE_LDD_DeviceDataList
 .bss.SD1_DataReceivedFlag
                0x1ffff120        0x1 C:\Users\Michael\AppData\Local\Temp\ccmHASpc.ltrans0.ltrans.o
 .bss.SR_lock   0x1ffff121        0x1 C:\Users\Michael\AppData\Local\Temp\ccmHASpc.ltrans0.ltrans.o
                0x1ffff121                SR_lock
 .bss.SR_reg    0x1ffff122        0x1 C:\Users\Michael\AppData\Local\Temp\ccmHASpc.ltrans0.ltrans.o
                0x1ffff122                SR_reg
 *fill*         0x1ffff123        0x1 
 .bss.TMOUT1_Counters.lto_priv.236
                0x1ffff124        0x8 C:\Users\Michael\AppData\Local\Temp\ccmHASpc.ltrans0.ltrans.o
                0x1ffff124                TMOUT1_Counters.lto_priv.236
 .bss.TMOUT1_FreeCounters.lto_priv.237
                0x1ffff12c        0x2 C:\Users\Michael\AppData\Local\Temp\ccmHASpc.ltrans0.ltrans.o
                0x1ffff12c                TMOUT1_FreeCounters.lto_priv.237
 *fill*         0x1ffff12e        0x2 
 .bss.fp.7869   0x1ffff130      0x22c C:\Users\Michael\AppData\Local\Temp\ccmHASpc.ltrans0.ltrans.o
 .bss.pxCurrentTCB
                0x1ffff35c        0x4 C:\Users\Michael\AppData\Local\Temp\ccmHASpc.ltrans0.ltrans.o
                0x1ffff35c                pxCurrentTCB
 .bss.pxDelayedTaskList
                0x1ffff360        0x4 C:\Users\Michael\AppData\Local\Temp\ccmHASpc.ltrans0.ltrans.o
                0x1ffff360                pxDelayedTaskList
 .bss.pxEnd.lto_priv.230
                0x1ffff364        0x4 C:\Users\Michael\AppData\Local\Temp\ccmHASpc.ltrans0.ltrans.o
                0x1ffff364                pxEnd.lto_priv.230
 .bss.pxOverflowDelayedTaskList
                0x1ffff368        0x4 C:\Users\Michael\AppData\Local\Temp\ccmHASpc.ltrans0.ltrans.o
                0x1ffff368                pxOverflowDelayedTaskList
 .bss.pxReadyTasksLists
                0x1ffff36c       0x78 C:\Users\Michael\AppData\Local\Temp\ccmHASpc.ltrans0.ltrans.o
                0x1ffff36c                pxReadyTasksLists
 .bss.tickCntr.lto_priv.189
                0x1ffff3e4        0x4 C:\Users\Michael\AppData\Local\Temp\ccmHASpc.ltrans0.ltrans.o
                0x1ffff3e4                tickCntr.lto_priv.189
 .bss.ucHeap    0x1ffff3e8     0x2000 C:\Users\Michael\AppData\Local\Temp\ccmHASpc.ltrans0.ltrans.o
 .bss.ulTaskSwitchedInTime
                0x200013e8        0x4 C:\Users\Michael\AppData\Local\Temp\ccmHASpc.ltrans0.ltrans.o
 .bss.ulTotalRunTime
                0x200013ec        0x4 C:\Users\Michael\AppData\Local\Temp\ccmHASpc.ltrans0.ltrans.o
 .bss.uxCurrentNumberOfTasks
                0x200013f0        0x4 C:\Users\Michael\AppData\Local\Temp\ccmHASpc.ltrans0.ltrans.o
 .bss.uxDeletedTasksWaitingCleanUp
                0x200013f4        0x4 C:\Users\Michael\AppData\Local\Temp\ccmHASpc.ltrans0.ltrans.o
 .bss.uxPendedTicks
                0x200013f8        0x4 C:\Users\Michael\AppData\Local\Temp\ccmHASpc.ltrans0.ltrans.o
 .bss.uxSchedulerSuspended.lto_priv.191
                0x200013fc        0x4 C:\Users\Michael\AppData\Local\Temp\ccmHASpc.ltrans0.ltrans.o
                0x200013fc                uxSchedulerSuspended.lto_priv.191
 .bss.uxTaskNumber
                0x20001400        0x4 C:\Users\Michael\AppData\Local\Temp\ccmHASpc.ltrans0.ltrans.o
 .bss.uxTopReadyPriority
                0x20001404        0x4 C:\Users\Michael\AppData\Local\Temp\ccmHASpc.ltrans0.ltrans.o
                0x20001404                uxTopReadyPriority
 .bss.writeBuf.5743
                0x20001408       0x10 C:\Users\Michael\AppData\Local\Temp\ccmHASpc.ltrans0.ltrans.o
 .bss.xBlockAllocatedBit.lto_priv.226
                0x20001418        0x4 C:\Users\Michael\AppData\Local\Temp\ccmHASpc.ltrans0.ltrans.o
                0x20001418                xBlockAllocatedBit.lto_priv.226
 .bss.xDelayedTaskList1
                0x2000141c       0x14 C:\Users\Michael\AppData\Local\Temp\ccmHASpc.ltrans0.ltrans.o
 .bss.xDelayedTaskList2
                0x20001430       0x14 C:\Users\Michael\AppData\Local\Temp\ccmHASpc.ltrans0.ltrans.o
 .bss.xFreeBytesRemaining.lto_priv.227
                0x20001444        0x4 C:\Users\Michael\AppData\Local\Temp\ccmHASpc.ltrans0.ltrans.o
                0x20001444                xFreeBytesRemaining.lto_priv.227
 .bss.xIdleTaskHandle
                0x20001448        0x4 C:\Users\Michael\AppData\Local\Temp\ccmHASpc.ltrans0.ltrans.o
 .bss.xMinimumEverFreeBytesRemaining
                0x2000144c        0x4 C:\Users\Michael\AppData\Local\Temp\ccmHASpc.ltrans0.ltrans.o
 .bss.xNextTaskUnblockTime.lto_priv.221
                0x20001450        0x4 C:\Users\Michael\AppData\Local\Temp\ccmHASpc.ltrans0.ltrans.o
                0x20001450                xNextTaskUnblockTime.lto_priv.221
 .bss.xNumOfOverflows
                0x20001454        0x4 C:\Users\Michael\AppData\Local\Temp\ccmHASpc.ltrans0.ltrans.o
 .bss.xPendingReadyList
                0x20001458       0x14 C:\Users\Michael\AppData\Local\Temp\ccmHASpc.ltrans0.ltrans.o
 .bss.xSchedulerRunning
                0x2000146c        0x4 C:\Users\Michael\AppData\Local\Temp\ccmHASpc.ltrans0.ltrans.o
                0x2000146c                xSchedulerRunning
 .bss.xStart.lto_priv.229
                0x20001470        0x8 C:\Users\Michael\AppData\Local\Temp\ccmHASpc.ltrans0.ltrans.o
                0x20001470                xStart.lto_priv.229
 .bss.xSuspendedTaskList
                0x20001478       0x14 C:\Users\Michael\AppData\Local\Temp\ccmHASpc.ltrans0.ltrans.o
                0x20001478                xSuspendedTaskList
 .bss.xTasksWaitingTermination
                0x2000148c       0x14 C:\Users\Michael\AppData\Local\Temp\ccmHASpc.ltrans0.ltrans.o
 .bss.xTickCount.lto_priv.220
                0x200014a0        0x4 C:\Users\Michael\AppData\Local\Temp\ccmHASpc.ltrans0.ltrans.o
                0x200014a0                xTickCount.lto_priv.220
 .bss.xYieldPending.lto_priv.192
                0x200014a4        0x4 C:\Users\Michael\AppData\Local\Temp\ccmHASpc.ltrans0.ltrans.o
                0x200014a4                xYieldPending.lto_priv.192
 .bss.AD1_OutV  0x200014a8        0x8 C:\Users\Michael\AppData\Local\Temp\ccmHASpc.ltrans1.ltrans.o
 .bss.AS2_InpLen
                0x200014b0        0x2 C:\Users\Michael\AppData\Local\Temp\ccmHASpc.ltrans1.ltrans.o
 .bss.AS2_OutLen
                0x200014b2        0x2 C:\Users\Michael\AppData\Local\Temp\ccmHASpc.ltrans1.ltrans.o
 .bss.ASerialLdd1_DeviceDataPtr
                0x200014b4        0x4 C:\Users\Michael\AppData\Local\Temp\ccmHASpc.ltrans1.ltrans.o
 .bss.AdcLdd1_DeviceDataPtr
                0x200014b8        0x4 C:\Users\Michael\AppData\Local\Temp\ccmHASpc.ltrans1.ltrans.o
 .bss.DMA_Playback_Count
                0x200014bc        0x4 C:\Users\Michael\AppData\Local\Temp\ccmHASpc.ltrans1.ltrans.o
 .bss.DevDataPtr__DEFAULT_RTOS_ALLOC
                0x200014c0       0x10 C:\Users\Michael\AppData\Local\Temp\ccmHASpc.ltrans1.ltrans.o
 .bss.DeviceDataPrv__DEFAULT_RTOS_ALLOC.lto_priv.193
                0x200014d0       0x20 C:\Users\Michael\AppData\Local\Temp\ccmHASpc.ltrans1.ltrans.o
 .bss.DeviceDataPrv__DEFAULT_RTOS_ALLOC.lto_priv.194
                0x200014f0        0x8 C:\Users\Michael\AppData\Local\Temp\ccmHASpc.ltrans1.ltrans.o
 .bss.DeviceDataPrv__DEFAULT_RTOS_ALLOC.lto_priv.195
                0x200014f8        0x4 C:\Users\Michael\AppData\Local\Temp\ccmHASpc.ltrans1.ltrans.o
 .bss.DeviceDataPrv__DEFAULT_RTOS_ALLOC.lto_priv.196
                0x200014fc        0x4 C:\Users\Michael\AppData\Local\Temp\ccmHASpc.ltrans1.ltrans.o
 .bss.DeviceDataPrv__DEFAULT_RTOS_ALLOC.lto_priv.197
                0x20001500        0x4 C:\Users\Michael\AppData\Local\Temp\ccmHASpc.ltrans1.ltrans.o
 .bss.DeviceDataPrv__DEFAULT_RTOS_ALLOC.lto_priv.198
                0x20001504        0x4 C:\Users\Michael\AppData\Local\Temp\ccmHASpc.ltrans1.ltrans.o
 .bss.DeviceDataPrv__DEFAULT_RTOS_ALLOC.lto_priv.199
                0x20001508       0x18 C:\Users\Michael\AppData\Local\Temp\ccmHASpc.ltrans1.ltrans.o
 .bss.DeviceDataPrv__DEFAULT_RTOS_ALLOC.lto_priv.200
                0x20001520        0x4 C:\Users\Michael\AppData\Local\Temp\ccmHASpc.ltrans1.ltrans.o
 .bss.DeviceDataPrv__DEFAULT_RTOS_ALLOC.lto_priv.201
                0x20001524        0x4 C:\Users\Michael\AppData\Local\Temp\ccmHASpc.ltrans1.ltrans.o
 .bss.DeviceDataPrv__DEFAULT_RTOS_ALLOC.lto_priv.202
                0x20001528        0x4 C:\Users\Michael\AppData\Local\Temp\ccmHASpc.ltrans1.ltrans.o
 .bss.DeviceDataPrv__DEFAULT_RTOS_ALLOC.lto_priv.203
                0x2000152c        0x4 C:\Users\Michael\AppData\Local\Temp\ccmHASpc.ltrans1.ltrans.o
 .bss.DeviceDataPrv__DEFAULT_RTOS_ALLOC.lto_priv.204
                0x20001530        0x4 C:\Users\Michael\AppData\Local\Temp\ccmHASpc.ltrans1.ltrans.o
 .bss.DeviceDataPrv__DEFAULT_RTOS_ALLOC.lto_priv.205
                0x20001534        0x4 C:\Users\Michael\AppData\Local\Temp\ccmHASpc.ltrans1.ltrans.o
 .bss.DeviceDataPrv__DEFAULT_RTOS_ALLOC.lto_priv.206
                0x20001538        0x4 C:\Users\Michael\AppData\Local\Temp\ccmHASpc.ltrans1.ltrans.o
 .bss.DeviceDataPrv__DEFAULT_RTOS_ALLOC.lto_priv.207
                0x2000153c        0x4 C:\Users\Michael\AppData\Local\Temp\ccmHASpc.ltrans1.ltrans.o
 .bss.DeviceDataPrv__DEFAULT_RTOS_ALLOC.lto_priv.208
                0x20001540        0xc C:\Users\Michael\AppData\Local\Temp\ccmHASpc.ltrans1.ltrans.o
 .bss.DeviceDataPrv__DEFAULT_RTOS_ALLOC.lto_priv.209
                0x2000154c        0x4 C:\Users\Michael\AppData\Local\Temp\ccmHASpc.ltrans1.ltrans.o
 .bss.DeviceDataPrv__DEFAULT_RTOS_ALLOC.lto_priv.210
                0x20001550        0x4 C:\Users\Michael\AppData\Local\Temp\ccmHASpc.ltrans1.ltrans.o
 .bss.DeviceDataPrv__DEFAULT_RTOS_ALLOC.lto_priv.211
                0x20001554        0x4 C:\Users\Michael\AppData\Local\Temp\ccmHASpc.ltrans1.ltrans.o
 .bss.DeviceDataPrv__DEFAULT_RTOS_ALLOC.lto_priv.212
                0x20001558        0x4 C:\Users\Michael\AppData\Local\Temp\ccmHASpc.ltrans1.ltrans.o
 .bss.DeviceDataPrv__DEFAULT_RTOS_ALLOC.lto_priv.213
                0x2000155c        0x4 C:\Users\Michael\AppData\Local\Temp\ccmHASpc.ltrans1.ltrans.o
 .bss.DeviceDataPrv__DEFAULT_RTOS_ALLOC.lto_priv.214
                0x20001560       0x20 C:\Users\Michael\AppData\Local\Temp\ccmHASpc.ltrans1.ltrans.o
 .bss.DeviceDataPrv__DEFAULT_RTOS_ALLOC.lto_priv.215
                0x20001580        0x8 C:\Users\Michael\AppData\Local\Temp\ccmHASpc.ltrans1.ltrans.o
 .bss.DeviceDataPtr__DEFAULT_RTOS_ALLOC
                0x20001588        0x8 C:\Users\Michael\AppData\Local\Temp\ccmHASpc.ltrans1.ltrans.o
 .bss.G_LCD_char_height
                0x20001590        0x1 C:\Users\Michael\AppData\Local\Temp\ccmHASpc.ltrans1.ltrans.o
 .bss.G_LCD_char_width
                0x20001591        0x1 C:\Users\Michael\AppData\Local\Temp\ccmHASpc.ltrans1.ltrans.o
 *fill*         0x20001592        0x2 
 .bss.INT_DMA0__BAREBOARD_RTOS_ISRPARAM
                0x20001594        0x4 C:\Users\Michael\AppData\Local\Temp\ccmHASpc.ltrans1.ltrans.o
 .bss.INT_I2C0__BAREBOARD_RTOS_ISRPARAM
                0x20001598        0x4 C:\Users\Michael\AppData\Local\Temp\ccmHASpc.ltrans1.ltrans.o
 .bss.INT_UART0__BAREBOARD_RTOS_ISRPARAM
                0x2000159c        0x4 C:\Users\Michael\AppData\Local\Temp\ccmHASpc.ltrans1.ltrans.o
 .bss.InpBuffer
                0x200015a0       0x20 C:\Users\Michael\AppData\Local\Temp\ccmHASpc.ltrans1.ltrans.o
 .bss.InpIndexR
                0x200015c0        0x2 C:\Users\Michael\AppData\Local\Temp\ccmHASpc.ltrans1.ltrans.o
 .bss.InpIndexW
                0x200015c2        0x2 C:\Users\Michael\AppData\Local\Temp\ccmHASpc.ltrans1.ltrans.o
 .bss.LCD_mutex
                0x200015c4        0x4 C:\Users\Michael\AppData\Local\Temp\ccmHASpc.ltrans1.ltrans.o
 .bss.ModeFlg   0x200015c8        0x1 C:\Users\Michael\AppData\Local\Temp\ccmHASpc.ltrans1.ltrans.o
 *fill*         0x200015c9        0x3 
 .bss.OutBuffer
                0x200015cc       0x20 C:\Users\Michael\AppData\Local\Temp\ccmHASpc.ltrans1.ltrans.o
 .bss.OutFlg    0x200015ec        0x1 C:\Users\Michael\AppData\Local\Temp\ccmHASpc.ltrans1.ltrans.o
 *fill*         0x200015ed        0x1 
 .bss.OutIndexR
                0x200015ee        0x2 C:\Users\Michael\AppData\Local\Temp\ccmHASpc.ltrans1.ltrans.o
 .bss.OutIndexW
                0x200015f0        0x2 C:\Users\Michael\AppData\Local\Temp\ccmHASpc.ltrans1.ltrans.o
 *fill*         0x200015f2        0x2 
 .bss.Reload_DMA_Byte_Count
                0x200015f4        0x4 C:\Users\Michael\AppData\Local\Temp\ccmHASpc.ltrans1.ltrans.o
 .bss.Reload_DMA_Source
                0x200015f8        0x8 C:\Users\Michael\AppData\Local\Temp\ccmHASpc.ltrans1.ltrans.o
 .bss.SampleGroup
                0x20001600        0x4 C:\Users\Michael\AppData\Local\Temp\ccmHASpc.ltrans1.ltrans.o
 .bss.SerFlag   0x20001604        0x2 C:\Users\Michael\AppData\Local\Temp\ccmHASpc.ltrans1.ltrans.o
 *fill*         0x20001606        0x2 
 .bss.SineTable
                0x20001608       0x80 C:\Users\Michael\AppData\Local\Temp\ccmHASpc.ltrans1.ltrans.o
 .bss.SumChan   0x20001688        0x1 C:\Users\Michael\AppData\Local\Temp\ccmHASpc.ltrans1.ltrans.o
 *fill*         0x20001689        0x3 
 .bss.Voice     0x2000168c       0xa0 C:\Users\Michael\AppData\Local\Temp\ccmHASpc.ltrans1.ltrans.o
 .bss.WaitForRes
                0x2000172c        0x1 C:\Users\Michael\AppData\Local\Temp\ccmHASpc.ltrans1.ltrans.o
 *fill*         0x2000172d        0x3 
 .bss.Waveform  0x20001730      0x800 C:\Users\Michael\AppData\Local\Temp\ccmHASpc.ltrans1.ltrans.o
 .bss.acc_X     0x20001f30        0x2 C:\Users\Michael\AppData\Local\Temp\ccmHASpc.ltrans1.ltrans.o
 .bss.acc_Y     0x20001f32        0x2 C:\Users\Michael\AppData\Local\Temp\ccmHASpc.ltrans1.ltrans.o
 .bss.acc_Z     0x20001f34        0x2 C:\Users\Michael\AppData\Local\Temp\ccmHASpc.ltrans1.ltrans.o
 *fill*         0x20001f36        0x2 
 .bss.bg        0x20001f38        0x3 C:\Users\Michael\AppData\Local\Temp\ccmHASpc.ltrans1.ltrans.o
 *fill*         0x20001f3b        0x1 
 .bss.black     0x20001f3c        0x3 C:\Users\Michael\AppData\Local\Temp\ccmHASpc.ltrans1.ltrans.o
 *fill*         0x20001f3f        0x1 
 .bss.fg        0x20001f40        0x3 C:\Users\Michael\AppData\Local\Temp\ccmHASpc.ltrans1.ltrans.o
 *fill*         0x20001f43        0x1 
 .bss.fileSystemObject.8809
                0x20001f44      0x238 C:\Users\Michael\AppData\Local\Temp\ccmHASpc.ltrans1.ltrans.o
 .bss.font      0x2000217c        0x4 C:\Users\Michael\AppData\Local\Temp\ccmHASpc.ltrans1.ltrans.o
 .bss.font_header
                0x20002180        0x4 C:\Users\Michael\AppData\Local\Temp\ccmHASpc.ltrans1.ltrans.o
 .bss.glyph_index
                0x20002184        0x4 C:\Users\Michael\AppData\Local\Temp\ccmHASpc.ltrans1.ltrans.o
 .bss.pitch     0x20002188        0x4 C:\Users\Michael\AppData\Local\Temp\ccmHASpc.ltrans1.ltrans.o
 .bss.read_buffer_num
                0x2000218c        0x1 C:\Users\Michael\AppData\Local\Temp\ccmHASpc.ltrans1.ltrans.o
 *fill*         0x2000218d        0x3 
 .bss.roll      0x20002190        0x4 C:\Users\Michael\AppData\Local\Temp\ccmHASpc.ltrans1.ltrans.o
 .bss.sCalValues
                0x20002194        0x6 C:\Users\Michael\AppData\Local\Temp\ccmHASpc.ltrans1.ltrans.o
 .bss.write_buffer_num
                0x2000219a        0x1 C:\Users\Michael\AppData\Local\Temp\ccmHASpc.ltrans1.ltrans.o
 *fill*         0x2000219b        0x1 
 .bss.xCreatedEventGroup
                0x2000219c        0x4 C:\Users\Michael\AppData\Local\Temp\ccmHASpc.ltrans1.ltrans.o
 .bss.xQueueRegistry
                0x200021a0       0x28 C:\Users\Michael\AppData\Local\Temp\ccmHASpc.ltrans1.ltrans.o
 .bss.xl        0x200021c8        0x2 C:\Users\Michael\AppData\Local\Temp\ccmHASpc.ltrans1.ltrans.o
 .bss.yu        0x200021ca        0x2 C:\Users\Michael\AppData\Local\Temp\ccmHASpc.ltrans1.ltrans.o
 .bss.__malloc_free_list
                0x200021cc        0x4 c:/program files (x86)/gnu tools arm embedded/8 2019-q3-update/bin/../lib/gcc/arm-none-eabi/8.3.1/../../../../arm-none-eabi/lib/thumb/v6-m/nofp\libg_nano.a(lib_a-nano-mallocr.o)
                0x200021cc                __malloc_free_list
 .bss.__malloc_sbrk_start
                0x200021d0        0x4 c:/program files (x86)/gnu tools arm embedded/8 2019-q3-update/bin/../lib/gcc/arm-none-eabi/8.3.1/../../../../arm-none-eabi/lib/thumb/v6-m/nofp\libg_nano.a(lib_a-nano-mallocr.o)
                0x200021d0                __malloc_sbrk_start
 .bss.heap_end.4194
                0x200021d4        0x4 c:/program files (x86)/gnu tools arm embedded/8 2019-q3-update/bin/../lib/gcc/arm-none-eabi/8.3.1/../../../../arm-none-eabi/lib/thumb/v6-m/nofp\libnosys.a(sbrk.o)
 *(COMMON)
 COMMON         0x200021d8        0x4 c:/program files (x86)/gnu tools arm embedded/8 2019-q3-update/bin/../lib/gcc/arm-none-eabi/8.3.1/../../../../arm-none-eabi/lib/thumb/v6-m/nofp\libg_nano.a(lib_a-reent.o)
                0x200021d8                errno
 COMMON         0x200021dc        0x9 c:/program files (x86)/gnu tools arm embedded/8 2019-q3-update/bin/../lib/gcc/arm-none-eabi/8.3.1/../../../../arm-none-eabi/lib/thumb/v6-m/nofp\libg_nano.a(lib_a-lock.o)
                0x200021dc                __lock___atexit_recursive_mutex
                0x200021dd                __lock___arc4random_mutex
                0x200021de                __lock___env_recursive_mutex
                0x200021df                __lock___sinit_recursive_mutex
                0x200021e0                __lock___malloc_recursive_mutex
                0x200021e1                __lock___at_quick_exit_mutex
                0x200021e2                __lock___dd_hash_mutex
                0x200021e3                __lock___tz_mutex
                0x200021e4                __lock___sfp_recursive_mutex
                0x200021e8                . = ALIGN (0x4)
 *fill*         0x200021e5        0x3 
                0x200021e8                __END_BSS = .
                0x200021e8                PROVIDE (__bss_end__ = __END_BSS)
                0x00018be8                _romp_at = (___ROM_AT + SIZEOF (.data))

.romp           0x200021e8       0x18 load address 0x00018be8
                0x00018be8                __S_romp = _romp_at
                0x200021e8        0x4 LONG 0x18b6c ___ROM_AT
                0x200021ec        0x4 LONG 0x1ffff000 _sdata
                0x200021f0        0x4 LONG 0x7c ___data_size
                0x200021f4        0x4 LONG 0x0
                0x200021f8        0x4 LONG 0x0
                0x200021fc        0x4 LONG 0x0
                0x00020000                text_end = (ORIGIN (m_text) + LENGTH (m_text))
                0x00018c00                data_init_end = ((___ROM_AT + SIZEOF (.data)) + SIZEOF (.romp))
                0x00000001                ASSERT ((data_init_end <= text_end), region m_text overflowed with text and data)

._user_heap_stack
                0x20002200      0x400 load address 0x00018c00
                0x20002200                . = ALIGN (0x4)
                0x20002200                PROVIDE (end = .)
                [!provide]                PROVIDE (_end = .)
                [!provide]                PROVIDE (__end__ = .)
                0x20002200                __heap_addr = .
                0x20002200                __HeapBase = .
                0x20002200                . = (. + __heap_size)
                0x20002200                __HeapLimit = .
                0x20002600                . = (. + __stack_size)
 *fill*         0x20002200      0x400 
                0x20002600                . = ALIGN (0x4)

.ARM.attributes
                0x00000000       0x28
 *(.ARM.attributes)
 .ARM.attributes
                0x00000000       0x1e c:/program files (x86)/gnu tools arm embedded/8 2019-q3-update/bin/../lib/gcc/arm-none-eabi/8.3.1/thumb/v6-m/nofp/crti.o
 .ARM.attributes
                0x0000001e       0x2c c:/program files (x86)/gnu tools arm embedded/8 2019-q3-update/bin/../lib/gcc/arm-none-eabi/8.3.1/thumb/v6-m/nofp/crtbegin.o
 .ARM.attributes
                0x0000004a       0x1b c:/program files (x86)/gnu tools arm embedded/8 2019-q3-update/bin/../lib/gcc/arm-none-eabi/8.3.1/../../../../arm-none-eabi/lib/thumb/v6-m/nofp/crt0.o
 .ARM.attributes
                0x00000065       0x2a C:\Users\Michael\AppData\Local\Temp\ccmHASpc.ltrans0.ltrans.o
 .ARM.attributes
                0x0000008f       0x2a C:\Users\Michael\AppData\Local\Temp\ccmHASpc.ltrans1.ltrans.o
 .ARM.attributes
                0x000000b9       0x2c c:/program files (x86)/gnu tools arm embedded/8 2019-q3-update/bin/../lib/gcc/arm-none-eabi/8.3.1/../../../../arm-none-eabi/lib/thumb/v6-m/nofp\libg_nano.a(lib_a-exit.o)
 .ARM.attributes
                0x000000e5       0x2c c:/program files (x86)/gnu tools arm embedded/8 2019-q3-update/bin/../lib/gcc/arm-none-eabi/8.3.1/../../../../arm-none-eabi/lib/thumb/v6-m/nofp\libg_nano.a(lib_a-impure.o)
 .ARM.attributes
                0x00000111       0x2c c:/program files (x86)/gnu tools arm embedded/8 2019-q3-update/bin/../lib/gcc/arm-none-eabi/8.3.1/../../../../arm-none-eabi/lib/thumb/v6-m/nofp\libg_nano.a(lib_a-init.o)
 .ARM.attributes
                0x0000013d       0x2c c:/program files (x86)/gnu tools arm embedded/8 2019-q3-update/bin/../lib/gcc/arm-none-eabi/8.3.1/../../../../arm-none-eabi/lib/thumb/v6-m/nofp\libg_nano.a(lib_a-memset.o)
 .ARM.attributes
                0x00000169       0x2c c:/program files (x86)/gnu tools arm embedded/8 2019-q3-update/bin/../lib/gcc/arm-none-eabi/8.3.1/../../../../arm-none-eabi/lib/thumb/v6-m/nofp\libg_nano.a(lib_a-nano-freer.o)
 .ARM.attributes
                0x00000195       0x2c c:/program files (x86)/gnu tools arm embedded/8 2019-q3-update/bin/../lib/gcc/arm-none-eabi/8.3.1/../../../../arm-none-eabi/lib/thumb/v6-m/nofp\libg_nano.a(lib_a-nano-mallocr.o)
 .ARM.attributes
                0x000001c1       0x2c c:/program files (x86)/gnu tools arm embedded/8 2019-q3-update/bin/../lib/gcc/arm-none-eabi/8.3.1/../../../../arm-none-eabi/lib/thumb/v6-m/nofp\libg_nano.a(lib_a-sbrkr.o)
 .ARM.attributes
                0x000001ed       0x2c c:/program files (x86)/gnu tools arm embedded/8 2019-q3-update/bin/../lib/gcc/arm-none-eabi/8.3.1/../../../../arm-none-eabi/lib/thumb/v6-m/nofp\libg_nano.a(lib_a-mlock.o)
 .ARM.attributes
                0x00000219       0x2c c:/program files (x86)/gnu tools arm embedded/8 2019-q3-update/bin/../lib/gcc/arm-none-eabi/8.3.1/../../../../arm-none-eabi/lib/thumb/v6-m/nofp\libg_nano.a(lib_a-reent.o)
 .ARM.attributes
                0x00000245       0x2c c:/program files (x86)/gnu tools arm embedded/8 2019-q3-update/bin/../lib/gcc/arm-none-eabi/8.3.1/../../../../arm-none-eabi/lib/thumb/v6-m/nofp\libg_nano.a(lib_a-lock.o)
 .ARM.attributes
                0x00000271       0x2c c:/program files (x86)/gnu tools arm embedded/8 2019-q3-update/bin/../lib/gcc/arm-none-eabi/8.3.1/../../../../arm-none-eabi/lib/thumb/v6-m/nofp\libg_nano.a(lib_a-memcpy-stub.o)
 .ARM.attributes
                0x0000029d       0x2c c:/program files (x86)/gnu tools arm embedded/8 2019-q3-update/bin/../lib/gcc/arm-none-eabi/8.3.1/../../../../arm-none-eabi/lib/thumb/v6-m/nofp\libg_nano.a(lib_a-sprintf.o)
 .ARM.attributes
                0x000002c9       0x2c c:/program files (x86)/gnu tools arm embedded/8 2019-q3-update/bin/../lib/gcc/arm-none-eabi/8.3.1/../../../../arm-none-eabi/lib/thumb/v6-m/nofp\libg_nano.a(lib_a-strchr.o)
 .ARM.attributes
                0x000002f5       0x1c c:/program files (x86)/gnu tools arm embedded/8 2019-q3-update/bin/../lib/gcc/arm-none-eabi/8.3.1/../../../../arm-none-eabi/lib/thumb/v6-m/nofp\libg_nano.a(lib_a-strcmp.o)
 .ARM.attributes
                0x00000311       0x1c c:/program files (x86)/gnu tools arm embedded/8 2019-q3-update/bin/../lib/gcc/arm-none-eabi/8.3.1/../../../../arm-none-eabi/lib/thumb/v6-m/nofp\libg_nano.a(lib_a-strlen.o)
 .ARM.attributes
                0x0000032d       0x2c c:/program files (x86)/gnu tools arm embedded/8 2019-q3-update/bin/../lib/gcc/arm-none-eabi/8.3.1/../../../../arm-none-eabi/lib/thumb/v6-m/nofp\libg_nano.a(lib_a-strncmp.o)
 .ARM.attributes
                0x00000359       0x2c c:/program files (x86)/gnu tools arm embedded/8 2019-q3-update/bin/../lib/gcc/arm-none-eabi/8.3.1/../../../../arm-none-eabi/lib/thumb/v6-m/nofp\libg_nano.a(lib_a-nano-svfprintf.o)
 .ARM.attributes
                0x00000385       0x2c c:/program files (x86)/gnu tools arm embedded/8 2019-q3-update/bin/../lib/gcc/arm-none-eabi/8.3.1/../../../../arm-none-eabi/lib/thumb/v6-m/nofp\libg_nano.a(lib_a-nano-vfprintf_i.o)
 .ARM.attributes
                0x000003b1       0x2c c:/program files (x86)/gnu tools arm embedded/8 2019-q3-update/bin/../lib/gcc/arm-none-eabi/8.3.1/../../../../arm-none-eabi/lib/thumb/v6-m/nofp\libg_nano.a(lib_a-memchr-stub.o)
 .ARM.attributes
                0x000003dd       0x2c c:/program files (x86)/gnu tools arm embedded/8 2019-q3-update/bin/../lib/gcc/arm-none-eabi/8.3.1/../../../../arm-none-eabi/lib/thumb/v6-m/nofp\libg_nano.a(lib_a-memmove.o)
 .ARM.attributes
                0x00000409       0x2c c:/program files (x86)/gnu tools arm embedded/8 2019-q3-update/bin/../lib/gcc/arm-none-eabi/8.3.1/../../../../arm-none-eabi/lib/thumb/v6-m/nofp\libg_nano.a(lib_a-nano-reallocr.o)
 .ARM.attributes
                0x00000435       0x2c c:/program files (x86)/gnu tools arm embedded/8 2019-q3-update/bin/../lib/gcc/arm-none-eabi/8.3.1/../../../../arm-none-eabi/lib/thumb/v6-m/nofp\libg_nano.a(lib_a-nano-msizer.o)
 .ARM.attributes
                0x00000461       0x2c c:/program files (x86)/gnu tools arm embedded/8 2019-q3-update/bin/../lib/gcc/arm-none-eabi/8.3.1/../../../../arm-none-eabi/lib/thumb/v6-m/nofp\libnosys.a(sbrk.o)
 .ARM.attributes
                0x0000048d       0x2c c:/program files (x86)/gnu tools arm embedded/8 2019-q3-update/bin/../lib/gcc/arm-none-eabi/8.3.1/../../../../arm-none-eabi/lib/thumb/v6-m/nofp\libnosys.a(_exit.o)
 .ARM.attributes
                0x000004b9       0x2c c:/program files (x86)/gnu tools arm embedded/8 2019-q3-update/bin/../lib/gcc/arm-none-eabi/8.3.1/../../../../arm-none-eabi/lib/thumb/v6-m/nofp\libm.a(lib_a-sf_sin.o)
 .ARM.attributes
                0x000004e5       0x2c c:/program files (x86)/gnu tools arm embedded/8 2019-q3-update/bin/../lib/gcc/arm-none-eabi/8.3.1/../../../../arm-none-eabi/lib/thumb/v6-m/nofp\libm.a(lib_a-ef_rem_pio2.o)
 .ARM.attributes
                0x00000511       0x2c c:/program files (x86)/gnu tools arm embedded/8 2019-q3-update/bin/../lib/gcc/arm-none-eabi/8.3.1/../../../../arm-none-eabi/lib/thumb/v6-m/nofp\libm.a(lib_a-kf_cos.o)
 .ARM.attributes
                0x0000053d       0x2c c:/program files (x86)/gnu tools arm embedded/8 2019-q3-update/bin/../lib/gcc/arm-none-eabi/8.3.1/../../../../arm-none-eabi/lib/thumb/v6-m/nofp\libm.a(lib_a-kf_rem_pio2.o)
 .ARM.attributes
                0x00000569       0x2c c:/program files (x86)/gnu tools arm embedded/8 2019-q3-update/bin/../lib/gcc/arm-none-eabi/8.3.1/../../../../arm-none-eabi/lib/thumb/v6-m/nofp\libm.a(lib_a-kf_sin.o)
 .ARM.attributes
                0x00000595       0x2c c:/program files (x86)/gnu tools arm embedded/8 2019-q3-update/bin/../lib/gcc/arm-none-eabi/8.3.1/../../../../arm-none-eabi/lib/thumb/v6-m/nofp\libm.a(lib_a-sf_fabs.o)
 .ARM.attributes
                0x000005c1       0x2c c:/program files (x86)/gnu tools arm embedded/8 2019-q3-update/bin/../lib/gcc/arm-none-eabi/8.3.1/../../../../arm-none-eabi/lib/thumb/v6-m/nofp\libm.a(lib_a-sf_floor.o)
 .ARM.attributes
                0x000005ed       0x2c c:/program files (x86)/gnu tools arm embedded/8 2019-q3-update/bin/../lib/gcc/arm-none-eabi/8.3.1/../../../../arm-none-eabi/lib/thumb/v6-m/nofp\libm.a(lib_a-sf_scalbn.o)
 .ARM.attributes
                0x00000619       0x1e c:/program files (x86)/gnu tools arm embedded/8 2019-q3-update/bin/../lib/gcc/arm-none-eabi/8.3.1/thumb/v6-m/nofp\libgcc.a(_udivsi3.o)
 .ARM.attributes
                0x00000637       0x1e c:/program files (x86)/gnu tools arm embedded/8 2019-q3-update/bin/../lib/gcc/arm-none-eabi/8.3.1/thumb/v6-m/nofp\libgcc.a(_divsi3.o)
 .ARM.attributes
                0x00000655       0x1e c:/program files (x86)/gnu tools arm embedded/8 2019-q3-update/bin/../lib/gcc/arm-none-eabi/8.3.1/thumb/v6-m/nofp\libgcc.a(_dvmd_tls.o)
 .ARM.attributes
                0x00000673       0x1e c:/program files (x86)/gnu tools arm embedded/8 2019-q3-update/bin/../lib/gcc/arm-none-eabi/8.3.1/thumb/v6-m/nofp\libgcc.a(_arm_cmpsf2.o)
 .ARM.attributes
                0x00000691       0x2c c:/program files (x86)/gnu tools arm embedded/8 2019-q3-update/bin/../lib/gcc/arm-none-eabi/8.3.1/thumb/v6-m/nofp\libgcc.a(_fixunssfsi.o)
 .ARM.attributes
                0x000006bd       0x2c c:/program files (x86)/gnu tools arm embedded/8 2019-q3-update/bin/../lib/gcc/arm-none-eabi/8.3.1/thumb/v6-m/nofp\libgcc.a(addsf3.o)
 .ARM.attributes
                0x000006e9       0x2c c:/program files (x86)/gnu tools arm embedded/8 2019-q3-update/bin/../lib/gcc/arm-none-eabi/8.3.1/thumb/v6-m/nofp\libgcc.a(divsf3.o)
 .ARM.attributes
                0x00000715       0x2c c:/program files (x86)/gnu tools arm embedded/8 2019-q3-update/bin/../lib/gcc/arm-none-eabi/8.3.1/thumb/v6-m/nofp\libgcc.a(eqsf2.o)
 .ARM.attributes
                0x00000741       0x2c c:/program files (x86)/gnu tools arm embedded/8 2019-q3-update/bin/../lib/gcc/arm-none-eabi/8.3.1/thumb/v6-m/nofp\libgcc.a(gesf2.o)
 .ARM.attributes
                0x0000076d       0x2c c:/program files (x86)/gnu tools arm embedded/8 2019-q3-update/bin/../lib/gcc/arm-none-eabi/8.3.1/thumb/v6-m/nofp\libgcc.a(lesf2.o)
 .ARM.attributes
                0x00000799       0x2c c:/program files (x86)/gnu tools arm embedded/8 2019-q3-update/bin/../lib/gcc/arm-none-eabi/8.3.1/thumb/v6-m/nofp\libgcc.a(mulsf3.o)
 .ARM.attributes
                0x000007c5       0x2c c:/program files (x86)/gnu tools arm embedded/8 2019-q3-update/bin/../lib/gcc/arm-none-eabi/8.3.1/thumb/v6-m/nofp\libgcc.a(subsf3.o)
 .ARM.attributes
                0x000007f1       0x2c c:/program files (x86)/gnu tools arm embedded/8 2019-q3-update/bin/../lib/gcc/arm-none-eabi/8.3.1/thumb/v6-m/nofp\libgcc.a(fixsfsi.o)
 .ARM.attributes
                0x0000081d       0x2c c:/program files (x86)/gnu tools arm embedded/8 2019-q3-update/bin/../lib/gcc/arm-none-eabi/8.3.1/thumb/v6-m/nofp\libgcc.a(floatsisf.o)
 .ARM.attributes
                0x00000849       0x2c c:/program files (x86)/gnu tools arm embedded/8 2019-q3-update/bin/../lib/gcc/arm-none-eabi/8.3.1/thumb/v6-m/nofp\libgcc.a(adddf3.o)
 .ARM.attributes
                0x00000875       0x2c c:/program files (x86)/gnu tools arm embedded/8 2019-q3-update/bin/../lib/gcc/arm-none-eabi/8.3.1/thumb/v6-m/nofp\libgcc.a(muldf3.o)
 .ARM.attributes
                0x000008a1       0x2c c:/program files (x86)/gnu tools arm embedded/8 2019-q3-update/bin/../lib/gcc/arm-none-eabi/8.3.1/thumb/v6-m/nofp\libgcc.a(subdf3.o)
 .ARM.attributes
                0x000008cd       0x2c c:/program files (x86)/gnu tools arm embedded/8 2019-q3-update/bin/../lib/gcc/arm-none-eabi/8.3.1/thumb/v6-m/nofp\libgcc.a(floatunsidf.o)
 .ARM.attributes
                0x000008f9       0x2c c:/program files (x86)/gnu tools arm embedded/8 2019-q3-update/bin/../lib/gcc/arm-none-eabi/8.3.1/thumb/v6-m/nofp\libgcc.a(extendsfdf2.o)
 .ARM.attributes
                0x00000925       0x2c c:/program files (x86)/gnu tools arm embedded/8 2019-q3-update/bin/../lib/gcc/arm-none-eabi/8.3.1/thumb/v6-m/nofp\libgcc.a(truncdfsf2.o)
 .ARM.attributes
                0x00000951       0x1e c:/program files (x86)/gnu tools arm embedded/8 2019-q3-update/bin/../lib/gcc/arm-none-eabi/8.3.1/thumb/v6-m/nofp\libgcc.a(_clzsi2.o)
 .ARM.attributes
                0x0000096f       0x1e c:/program files (x86)/gnu tools arm embedded/8 2019-q3-update/bin/../lib/gcc/arm-none-eabi/8.3.1/thumb/v6-m/nofp/crtn.o
OUTPUT(MCUX_PE_KL25Z_FRTOS_ShieldwFatFS.elf elf32-littlearm)

.debug_info     0x00000000    0x506f7
 .debug_info    0x00000000    0x30a3d C:\Users\Michael\AppData\Local\Temp\ccOlNXYEdebugobj
                0x00000000                LCD_graphics.c.1c8d1b9a
                0x00000497                LCD_text.c.734014de
                0x00000ab7                ST7789.c.82f5deb2
                0x000019be                lucida_12x19.c.e55bd84e
                0x00001a65                lucida_20x31.c.fbda046c
                0x00001b0c                lucida_8x13.c.930fe2a3
                0x00001bb3                touchscreen.c.2c5baf65
                0x00002a4a                Events.c.4c7f133d
                0x00003a18                MMA8451.c.a7b79ace
                0x00004648                main.c.af001bd8
                0x000054d7                myfatfs.c.a909b57d
                0x000065e4                mytasks.c.f0f8d3ae
                0x00007a88                sound.c.0eb9c97a
                0x00008f10                startup.c.389c2842
                0x00009955                AD1.c.bbcb63f3
                0x00009d16                AS2.c.6b8f666b
                0x0000a212                ASerialLdd1.c.8f23e74a
                0x0000ab19                AdcLdd1.c.cca61ba6
                0x0000b3bc                AudioAmp.c.68fbb32a
                0x0000b856                BitIoLdd1.c.78966f17
                0x0000bd34                BitIoLdd2.c.e0c20175
                0x0000c212                BitIoLdd3.c.cf69068d
                0x0000c6f0                CI2C1.c.78e5484a
                0x0000d091                CLS1.c.8ac4d367
                0x0000e529                CS1.c.23b67723
                0x0000e750                Cpu.c.134fff08
                0x0000fafd                DA1.c.2cc33ece
                0x00010757                DBG_1.c.851c61ee
                0x00010bf1                DBG_2.c.d59fb75c
                0x0001108b                DBG_3.c.8855b477
                0x00011525                DBG_4.c.1be14f82
                0x000119bf                DBG_5.c.621794bc